Archive member included to satisfy reference by file (symbol)

/usr/local/Cellar/arm-none-eabi-gcc/9-2019-q4-major/gcc/bin/../lib/gcc/arm-none-eabi/9.2.1/thumb/v6-m/nofp/libgcc.a(_udivsi3.o)
                              CMakeFiles/D2011_Remote_Firmware.elf.dir/Drivers/STM32L0xx_HAL_Driver/Src/stm32l0xx_hal.c.obj (__aeabi_uidiv)
/usr/local/Cellar/arm-none-eabi-gcc/9-2019-q4-major/gcc/bin/../lib/gcc/arm-none-eabi/9.2.1/thumb/v6-m/nofp/libgcc.a(_divsi3.o)
                              CMakeFiles/D2011_Remote_Firmware.elf.dir/Src/remote_app/layouts.c.obj (__aeabi_idiv)
/usr/local/Cellar/arm-none-eabi-gcc/9-2019-q4-major/gcc/bin/../lib/gcc/arm-none-eabi/9.2.1/thumb/v6-m/nofp/libgcc.a(_dvmd_tls.o)
                              /usr/local/Cellar/arm-none-eabi-gcc/9-2019-q4-major/gcc/bin/../lib/gcc/arm-none-eabi/9.2.1/thumb/v6-m/nofp/libgcc.a(_udivsi3.o) (__aeabi_idiv0)
/usr/local/Cellar/arm-none-eabi-gcc/9-2019-q4-major/gcc/bin/../lib/gcc/arm-none-eabi/9.2.1/thumb/v6-m/nofp/libgcc.a(_aeabi_uldivmod.o)
                              CMakeFiles/D2011_Remote_Firmware.elf.dir/Drivers/STM32L0xx_HAL_Driver/Src/stm32l0xx_hal_rcc.c.obj (__aeabi_uldivmod)
/usr/local/Cellar/arm-none-eabi-gcc/9-2019-q4-major/gcc/bin/../lib/gcc/arm-none-eabi/9.2.1/thumb/v6-m/nofp/libgcc.a(_muldi3.o)
                              CMakeFiles/D2011_Remote_Firmware.elf.dir/Drivers/STM32L0xx_HAL_Driver/Src/stm32l0xx_hal_rcc.c.obj (__aeabi_lmul)
/usr/local/Cellar/arm-none-eabi-gcc/9-2019-q4-major/gcc/bin/../lib/gcc/arm-none-eabi/9.2.1/thumb/v6-m/nofp/libgcc.a(_udivmoddi4.o)
                              /usr/local/Cellar/arm-none-eabi-gcc/9-2019-q4-major/gcc/bin/../lib/gcc/arm-none-eabi/9.2.1/thumb/v6-m/nofp/libgcc.a(_aeabi_uldivmod.o) (__udivmoddi4)
/usr/local/Cellar/arm-none-eabi-gcc/9-2019-q4-major/gcc/bin/../lib/gcc/arm-none-eabi/9.2.1/thumb/v6-m/nofp/libgcc.a(divsf3.o)
                              CMakeFiles/D2011_Remote_Firmware.elf.dir/lib/stm32-ssd1306/ssd1306/ssd1306.c.obj (__aeabi_fdiv)
/usr/local/Cellar/arm-none-eabi-gcc/9-2019-q4-major/gcc/bin/../lib/gcc/arm-none-eabi/9.2.1/thumb/v6-m/nofp/libgcc.a(mulsf3.o)
                              CMakeFiles/D2011_Remote_Firmware.elf.dir/lib/stm32-ssd1306/ssd1306/ssd1306.c.obj (__aeabi_fmul)
/usr/local/Cellar/arm-none-eabi-gcc/9-2019-q4-major/gcc/bin/../lib/gcc/arm-none-eabi/9.2.1/thumb/v6-m/nofp/libgcc.a(floatunsisf.o)
                              CMakeFiles/D2011_Remote_Firmware.elf.dir/lib/stm32-ssd1306/ssd1306/ssd1306.c.obj (__aeabi_ui2f)
/usr/local/Cellar/arm-none-eabi-gcc/9-2019-q4-major/gcc/bin/../lib/gcc/arm-none-eabi/9.2.1/thumb/v6-m/nofp/libgcc.a(divdf3.o)
                              CMakeFiles/D2011_Remote_Firmware.elf.dir/lib/stm32-ssd1306/ssd1306/ssd1306.c.obj (__aeabi_ddiv)
/usr/local/Cellar/arm-none-eabi-gcc/9-2019-q4-major/gcc/bin/../lib/gcc/arm-none-eabi/9.2.1/thumb/v6-m/nofp/libgcc.a(muldf3.o)
                              CMakeFiles/D2011_Remote_Firmware.elf.dir/lib/stm32-ssd1306/ssd1306/ssd1306.c.obj (__aeabi_dmul)
/usr/local/Cellar/arm-none-eabi-gcc/9-2019-q4-major/gcc/bin/../lib/gcc/arm-none-eabi/9.2.1/thumb/v6-m/nofp/libgcc.a(fixdfsi.o)
                              CMakeFiles/D2011_Remote_Firmware.elf.dir/lib/stm32-ssd1306/ssd1306/ssd1306.c.obj (__aeabi_d2iz)
/usr/local/Cellar/arm-none-eabi-gcc/9-2019-q4-major/gcc/bin/../lib/gcc/arm-none-eabi/9.2.1/thumb/v6-m/nofp/libgcc.a(floatsidf.o)
                              CMakeFiles/D2011_Remote_Firmware.elf.dir/lib/stm32-ssd1306/ssd1306/ssd1306.c.obj (__aeabi_i2d)
/usr/local/Cellar/arm-none-eabi-gcc/9-2019-q4-major/gcc/bin/../lib/gcc/arm-none-eabi/9.2.1/thumb/v6-m/nofp/libgcc.a(extendsfdf2.o)
                              CMakeFiles/D2011_Remote_Firmware.elf.dir/lib/stm32-ssd1306/ssd1306/ssd1306.c.obj (__aeabi_f2d)
/usr/local/Cellar/arm-none-eabi-gcc/9-2019-q4-major/gcc/bin/../lib/gcc/arm-none-eabi/9.2.1/thumb/v6-m/nofp/libgcc.a(truncdfsf2.o)
                              CMakeFiles/D2011_Remote_Firmware.elf.dir/lib/stm32-ssd1306/ssd1306/ssd1306.c.obj (__aeabi_d2f)
/usr/local/Cellar/arm-none-eabi-gcc/9-2019-q4-major/gcc/bin/../lib/gcc/arm-none-eabi/9.2.1/thumb/v6-m/nofp/libgcc.a(_clzsi2.o)
                              /usr/local/Cellar/arm-none-eabi-gcc/9-2019-q4-major/gcc/bin/../lib/gcc/arm-none-eabi/9.2.1/thumb/v6-m/nofp/libgcc.a(divsf3.o) (__clzsi2)
/usr/local/Cellar/arm-none-eabi-gcc/9-2019-q4-major/gcc/bin/../lib/gcc/arm-none-eabi/9.2.1/thumb/v6-m/nofp/libgcc.a(_clzdi2.o)
                              /usr/local/Cellar/arm-none-eabi-gcc/9-2019-q4-major/gcc/bin/../lib/gcc/arm-none-eabi/9.2.1/thumb/v6-m/nofp/libgcc.a(_udivmoddi4.o) (__clzdi2)
/usr/local/Cellar/arm-none-eabi-gcc/9-2019-q4-major/gcc/bin/../lib/gcc/arm-none-eabi/9.2.1/../../../../arm-none-eabi/lib/thumb/v6-m/nofp/libc.a(lib_a-errno.o)
                              CMakeFiles/D2011_Remote_Firmware.elf.dir/Src/syscalls.c.obj (__errno)
[...]
Memory Configuration

Name             Origin             Length             Attributes
RAM              0x0000000020000000 0x0000000000002000 xrw
FLASH            0x0000000008000000 0x0000000000008000 xr
*default*        0x0000000000000000 0xffffffffffffffff

Linker script and memory map

LOAD /usr/local/Cellar/arm-none-eabi-gcc/9-2019-q4-major/gcc/bin/../lib/gcc/arm-none-eabi/9.2.1/thumb/v6-m/nofp/crti.o
LOAD /usr/local/Cellar/arm-none-eabi-gcc/9-2019-q4-major/gcc/bin/../lib/gcc/arm-none-eabi/9.2.1/thumb/v6-m/nofp/crtbegin.o
LOAD /usr/local/Cellar/arm-none-eabi-gcc/9-2019-q4-major/gcc/bin/../lib/gcc/arm-none-eabi/9.2.1/../../../../arm-none-eabi/lib/thumb/v6-m/nofp/crt0.o
LOAD CMakeFiles/D2011_Remote_Firmware.elf.dir/Drivers/STM32L0xx_HAL_Driver/Src/stm32l0xx_hal.c.obj
LOAD CMakeFiles/D2011_Remote_Firmware.elf.dir/Drivers/STM32L0xx_HAL_Driver/Src/stm32l0xx_hal_cortex.c.obj
LOAD CMakeFiles/D2011_Remote_Firmware.elf.dir/Drivers/STM32L0xx_HAL_Driver/Src/stm32l0xx_hal_dma.c.obj
LOAD CMakeFiles/D2011_Remote_Firmware.elf.dir/Drivers/STM32L0xx_HAL_Driver/Src/stm32l0xx_hal_exti.c.obj
LOAD CMakeFiles/D2011_Remote_Firmware.elf.dir/Drivers/STM32L0xx_HAL_Driver/Src/stm32l0xx_hal_flash.c.obj
LOAD CMakeFiles/D2011_Remote_Firmware.elf.dir/Drivers/STM32L0xx_HAL_Driver/Src/stm32l0xx_hal_flash_ex.c.obj
LOAD CMakeFiles/D2011_Remote_Firmware.elf.dir/Drivers/STM32L0xx_HAL_Driver/Src/stm32l0xx_hal_flash_ramfunc.c.obj
LOAD CMakeFiles/D2011_Remote_Firmware.elf.dir/Drivers/STM32L0xx_HAL_Driver/Src/stm32l0xx_hal_gpio.c.obj
LOAD CMakeFiles/D2011_Remote_Firmware.elf.dir/Drivers/STM32L0xx_HAL_Driver/Src/stm32l0xx_hal_i2c.c.obj
LOAD CMakeFiles/D2011_Remote_Firmware.elf.dir/Drivers/STM32L0xx_HAL_Driver/Src/stm32l0xx_hal_i2c_ex.c.obj
LOAD CMakeFiles/D2011_Remote_Firmware.elf.dir/Drivers/STM32L0xx_HAL_Driver/Src/stm32l0xx_hal_pwr.c.obj
LOAD CMakeFiles/D2011_Remote_Firmware.elf.dir/Drivers/STM32L0xx_HAL_Driver/Src/stm32l0xx_hal_pwr_ex.c.obj
LOAD CMakeFiles/D2011_Remote_Firmware.elf.dir/Drivers/STM32L0xx_HAL_Driver/Src/stm32l0xx_hal_rcc.c.obj
LOAD CMakeFiles/D2011_Remote_Firmware.elf.dir/Drivers/STM32L0xx_HAL_Driver/Src/stm32l0xx_hal_rcc_ex.c.obj
LOAD CMakeFiles/D2011_Remote_Firmware.elf.dir/Drivers/STM32L0xx_HAL_Driver/Src/stm32l0xx_hal_tim.c.obj
LOAD CMakeFiles/D2011_Remote_Firmware.elf.dir/Drivers/STM32L0xx_HAL_Driver/Src/stm32l0xx_hal_tim_ex.c.obj
LOAD CMakeFiles/D2011_Remote_Firmware.elf.dir/Drivers/STM32L0xx_HAL_Driver/Src/stm32l0xx_hal_uart.c.obj
LOAD CMakeFiles/D2011_Remote_Firmware.elf.dir/Drivers/STM32L0xx_HAL_Driver/Src/stm32l0xx_hal_uart_ex.c.obj
LOAD CMakeFiles/D2011_Remote_Firmware.elf.dir/Src/gpio.c.obj
LOAD CMakeFiles/D2011_Remote_Firmware.elf.dir/Src/i2c.c.obj
LOAD CMakeFiles/D2011_Remote_Firmware.elf.dir/Src/main.c.obj
LOAD CMakeFiles/D2011_Remote_Firmware.elf.dir/Src/remote_app/comm.c.obj
LOAD CMakeFiles/D2011_Remote_Firmware.elf.dir/Src/remote_app/layouts.c.obj
LOAD CMakeFiles/D2011_Remote_Firmware.elf.dir/Src/remote_app/remote_app.c.obj
LOAD CMakeFiles/D2011_Remote_Firmware.elf.dir/Src/remote_app/screens/calibration.c.obj
LOAD CMakeFiles/D2011_Remote_Firmware.elf.dir/Src/remote_app/screens/information.c.obj
LOAD CMakeFiles/D2011_Remote_Firmware.elf.dir/Src/remote_app/screens/leveling.c.obj
LOAD CMakeFiles/D2011_Remote_Firmware.elf.dir/Src/remote_app/screens/op_mode.c.obj
LOAD CMakeFiles/D2011_Remote_Firmware.elf.dir/Src/remote_app/screens/screens.c.obj
LOAD CMakeFiles/D2011_Remote_Firmware.elf.dir/Src/remote_app/screens/sensitivity.c.obj
LOAD CMakeFiles/D2011_Remote_Firmware.elf.dir/Src/stm32l0xx_hal_msp.c.obj
LOAD CMakeFiles/D2011_Remote_Firmware.elf.dir/Src/stm32l0xx_it.c.obj
LOAD CMakeFiles/D2011_Remote_Firmware.elf.dir/Src/syscalls.c.obj
LOAD CMakeFiles/D2011_Remote_Firmware.elf.dir/Src/system_stm32l0xx.c.obj
LOAD CMakeFiles/D2011_Remote_Firmware.elf.dir/Src/usart.c.obj
LOAD CMakeFiles/D2011_Remote_Firmware.elf.dir/lib/olm/olm.c.obj
LOAD CMakeFiles/D2011_Remote_Firmware.elf.dir/lib/stm32-ssd1306/ssd1306/ssd1306.c.obj
LOAD CMakeFiles/D2011_Remote_Firmware.elf.dir/lib/stm32-ssd1306/ssd1306/ssd1306_fonts.c.obj
LOAD CMakeFiles/D2011_Remote_Firmware.elf.dir/startup/startup_stm32l031xx.s.obj
START GROUP
LOAD /usr/local/Cellar/arm-none-eabi-gcc/9-2019-q4-major/gcc/bin/../lib/gcc/arm-none-eabi/9.2.1/thumb/v6-m/nofp/libgcc.a
LOAD /usr/local/Cellar/arm-none-eabi-gcc/9-2019-q4-major/gcc/bin/../lib/gcc/arm-none-eabi/9.2.1/../../../../arm-none-eabi/lib/thumb/v6-m/nofp/libc.a
END GROUP
LOAD /usr/local/Cellar/arm-none-eabi-gcc/9-2019-q4-major/gcc/bin/../lib/gcc/arm-none-eabi/9.2.1/thumb/v6-m/nofp/crtend.o
LOAD /usr/local/Cellar/arm-none-eabi-gcc/9-2019-q4-major/gcc/bin/../lib/gcc/arm-none-eabi/9.2.1/thumb/v6-m/nofp/crtn.o
                0x0000000020002000                _estack = 0x20002000
                0x0000000000000200                _Min_Heap_Size = 0x200
                0x0000000000000400                _Min_Stack_Size = 0x400

.isr_vector     0x0000000008000000       0xc0
                0x0000000008000000                . = ALIGN (0x4)
 *(.isr_vector)
 .isr_vector    0x0000000008000000       0xc0 CMakeFiles/D2011_Remote_Firmware.elf.dir/startup/startup_stm32l031xx.s.obj
                0x0000000008000000                g_pfnVectors
                0x00000000080000c0                . = ALIGN (0x4)

.text           0x00000000080000c0     0x4514
                0x00000000080000c0                . = ALIGN (0x4)
 *(.text)
 .text          0x00000000080000c0       0x48 /usr/local/Cellar/arm-none-eabi-gcc/9-2019-q4-major/gcc/bin/../lib/gcc/arm-none-eabi/9.2.1/thumb/v6-m/nofp/crtbegin.o
 .text          0x0000000008000108      0x114 /usr/local/Cellar/arm-none-eabi-gcc/9-2019-q4-major/gcc/bin/../lib/gcc/arm-none-eabi/9.2.1/thumb/v6-m/nofp/libgcc.a(_udivsi3.o)
                0x0000000008000108                __udivsi3
                0x0000000008000108                __aeabi_uidiv
                0x0000000008000214                __aeabi_uidivmod
 .text          0x000000000800021c      0x1d4 /usr/local/Cellar/arm-none-eabi-gcc/9-2019-q4-major/gcc/bin/../lib/gcc/arm-none-eabi/9.2.1/thumb/v6-m/nofp/libgcc.a(_divsi3.o)
                0x000000000800021c                __aeabi_idiv
                0x000000000800021c                __divsi3
                0x00000000080003e8                __aeabi_idivmod
 .text          0x00000000080003f0        0x4 /usr/local/Cellar/arm-none-eabi-gcc/9-2019-q4-major/gcc/bin/../lib/gcc/arm-none-eabi/9.2.1/thumb/v6-m/nofp/libgcc.a(_dvmd_tls.o)
                0x00000000080003f0                __aeabi_ldiv0
                0x00000000080003f0                __aeabi_idiv0
 .text          0x00000000080003f4       0x40 /usr/local/Cellar/arm-none-eabi-gcc/9-2019-q4-major/gcc/bin/../lib/gcc/arm-none-eabi/9.2.1/thumb/v6-m/nofp/libgcc.a(_aeabi_uldivmod.o)
                0x00000000080003f4                __aeabi_uldivmod
 .text          0x0000000008000434       0x50 /usr/local/Cellar/arm-none-eabi-gcc/9-2019-q4-major/gcc/bin/../lib/gcc/arm-none-eabi/9.2.1/thumb/v6-m/nofp/libgcc.a(_muldi3.o)
                0x0000000008000434                __aeabi_lmul
                0x0000000008000434                __muldi3
 .text          0x0000000008000484      0x198 /usr/local/Cellar/arm-none-eabi-gcc/9-2019-q4-major/gcc/bin/../lib/gcc/arm-none-eabi/9.2.1/thumb/v6-m/nofp/libgcc.a(_udivmoddi4.o)
                0x0000000008000484                __udivmoddi4
 .text          0x000000000800061c       0x3c /usr/local/Cellar/arm-none-eabi-gcc/9-2019-q4-major/gcc/bin/../lib/gcc/arm-none-eabi/9.2.1/thumb/v6-m/nofp/libgcc.a(_clzsi2.o)
                0x000000000800061c                __clzsi2
 .text          0x0000000008000658       0x18 /usr/local/Cellar/arm-none-eabi-gcc/9-2019-q4-major/gcc/bin/../lib/gcc/arm-none-eabi/9.2.1/thumb/v6-m/nofp/libgcc.a(_clzdi2.o)
                0x0000000008000658                __clzdi2
 *(.text*)
 .text.HAL_InitTick
                0x0000000008000670       0x50 CMakeFiles/D2011_Remote_Firmware.elf.dir/Drivers/STM32L0xx_HAL_Driver/Src/stm32l0xx_hal.c.obj
                0x0000000008000670                HAL_InitTick
 .text.HAL_Init
                0x00000000080006c0       0x30 CMakeFiles/D2011_Remote_Firmware.elf.dir/Drivers/STM32L0xx_HAL_Driver/Src/stm32l0xx_hal.c.obj
                0x00000000080006c0                HAL_Init
 .text.HAL_IncTick
                0x00000000080006f0       0x18 CMakeFiles/D2011_Remote_Firmware.elf.dir/Drivers/STM32L0xx_HAL_Driver/Src/stm32l0xx_hal.c.obj
                0x00000000080006f0                HAL_IncTick
 .text.HAL_GetTick
                0x0000000008000708        0xc CMakeFiles/D2011_Remote_Firmware.elf.dir/Drivers/STM32L0xx_HAL_Driver/Src/stm32l0xx_hal.c.obj
                0x0000000008000708                HAL_GetTick
 .text.HAL_Delay
                0x0000000008000714       0x24 CMakeFiles/D2011_Remote_Firmware.elf.dir/Drivers/STM32L0xx_HAL_Driver/Src/stm32l0xx_hal.c.obj
                0x0000000008000714                HAL_Delay
 .text.HAL_NVIC_SetPriority
                0x0000000008000738       0x60 CMakeFiles/D2011_Remote_Firmware.elf.dir/Drivers/STM32L0xx_HAL_Driver/Src/stm32l0xx_hal_cortex.c.obj
                0x0000000008000738                HAL_NVIC_SetPriority
 .text.HAL_NVIC_EnableIRQ
                0x0000000008000798       0x18 CMakeFiles/D2011_Remote_Firmware.elf.dir/Drivers/STM32L0xx_HAL_Driver/Src/stm32l0xx_hal_cortex.c.obj
                0x0000000008000798                HAL_NVIC_EnableIRQ
 .text.HAL_SYSTICK_Config
                0x00000000080007b0       0x38 CMakeFiles/D2011_Remote_Firmware.elf.dir/Drivers/STM32L0xx_HAL_Driver/Src/stm32l0xx_hal_cortex.c.obj
                0x00000000080007b0                HAL_SYSTICK_Config
 .text.HAL_GPIO_Init
                0x00000000080007e8      0x184 CMakeFiles/D2011_Remote_Firmware.elf.dir/Drivers/STM32L0xx_HAL_Driver/Src/stm32l0xx_hal_gpio.c.obj
                0x00000000080007e8                HAL_GPIO_Init
 .text.HAL_GPIO_WritePin
                0x000000000800096c        0xc CMakeFiles/D2011_Remote_Firmware.elf.dir/Drivers/STM32L0xx_HAL_Driver/Src/stm32l0xx_hal_gpio.c.obj
                0x000000000800096c                HAL_GPIO_WritePin
 .text.HAL_GPIO_EXTI_IRQHandler
                0x0000000008000978       0x1c CMakeFiles/D2011_Remote_Firmware.elf.dir/Drivers/STM32L0xx_HAL_Driver/Src/stm32l0xx_hal_gpio.c.obj
                0x0000000008000978                HAL_GPIO_EXTI_IRQHandler
 .text.I2C_Flush_TXDR
                0x0000000008000994       0x1e CMakeFiles/D2011_Remote_Firmware.elf.dir/Drivers/STM32L0xx_HAL_Driver/Src/stm32l0xx_hal_i2c.c.obj
 *fill*         0x00000000080009b2        0x2 
 .text.I2C_TransferConfig
                0x00000000080009b4       0x2c CMakeFiles/D2011_Remote_Firmware.elf.dir/Drivers/STM32L0xx_HAL_Driver/Src/stm32l0xx_hal_i2c.c.obj
 .text.I2C_IsAcknowledgeFailed
                0x00000000080009e0       0x80 CMakeFiles/D2011_Remote_Firmware.elf.dir/Drivers/STM32L0xx_HAL_Driver/Src/stm32l0xx_hal_i2c.c.obj
 .text.I2C_WaitOnTXISFlagUntilTimeout
                0x0000000008000a60       0x52 CMakeFiles/D2011_Remote_Firmware.elf.dir/Drivers/STM32L0xx_HAL_Driver/Src/stm32l0xx_hal_i2c.c.obj
 .text.I2C_WaitOnFlagUntilTimeout
                0x0000000008000ab2       0x54 CMakeFiles/D2011_Remote_Firmware.elf.dir/Drivers/STM32L0xx_HAL_Driver/Src/stm32l0xx_hal_i2c.c.obj
 *fill*         0x0000000008000b06        0x2 
 .text.I2C_RequestMemoryWrite
                0x0000000008000b08       0x78 CMakeFiles/D2011_Remote_Firmware.elf.dir/Drivers/STM32L0xx_HAL_Driver/Src/stm32l0xx_hal_i2c.c.obj
 .text.I2C_WaitOnSTOPFlagUntilTimeout
                0x0000000008000b80       0x4e CMakeFiles/D2011_Remote_Firmware.elf.dir/Drivers/STM32L0xx_HAL_Driver/Src/stm32l0xx_hal_i2c.c.obj
 *fill*         0x0000000008000bce        0x2 
 .text.HAL_I2C_Init
                0x0000000008000bd0       0xcc CMakeFiles/D2011_Remote_Firmware.elf.dir/Drivers/STM32L0xx_HAL_Driver/Src/stm32l0xx_hal_i2c.c.obj
                0x0000000008000bd0                HAL_I2C_Init
 .text.HAL_I2C_Mem_Write
                0x0000000008000c9c      0x1a0 CMakeFiles/D2011_Remote_Firmware.elf.dir/Drivers/STM32L0xx_HAL_Driver/Src/stm32l0xx_hal_i2c.c.obj
                0x0000000008000c9c                HAL_I2C_Mem_Write
 .text.HAL_I2CEx_ConfigAnalogFilter
                0x0000000008000e3c       0x58 CMakeFiles/D2011_Remote_Firmware.elf.dir/Drivers/STM32L0xx_HAL_Driver/Src/stm32l0xx_hal_i2c_ex.c.obj
                0x0000000008000e3c                HAL_I2CEx_ConfigAnalogFilter
 .text.HAL_I2CEx_ConfigDigitalFilter
                0x0000000008000e94       0x54 CMakeFiles/D2011_Remote_Firmware.elf.dir/Drivers/STM32L0xx_HAL_Driver/Src/stm32l0xx_hal_i2c_ex.c.obj
                0x0000000008000e94                HAL_I2CEx_ConfigDigitalFilter
 .text.HAL_RCC_GetSysClockFreq
                0x0000000008000ee8       0xb0 CMakeFiles/D2011_Remote_Firmware.elf.dir/Drivers/STM32L0xx_HAL_Driver/Src/stm32l0xx_hal_rcc.c.obj
                0x0000000008000ee8                HAL_RCC_GetSysClockFreq
 .text.HAL_RCC_OscConfig
                0x0000000008000f98      0x51c CMakeFiles/D2011_Remote_Firmware.elf.dir/Drivers/STM32L0xx_HAL_Driver/Src/stm32l0xx_hal_rcc.c.obj
                0x0000000008000f98                HAL_RCC_OscConfig
 .text.HAL_RCC_ClockConfig
                0x00000000080014b4      0x1d8 CMakeFiles/D2011_Remote_Firmware.elf.dir/Drivers/STM32L0xx_HAL_Driver/Src/stm32l0xx_hal_rcc.c.obj
                0x00000000080014b4                HAL_RCC_ClockConfig
 .text.HAL_RCC_GetHCLKFreq
                0x000000000800168c        0xc CMakeFiles/D2011_Remote_Firmware.elf.dir/Drivers/STM32L0xx_HAL_Driver/Src/stm32l0xx_hal_rcc.c.obj
                0x000000000800168c                HAL_RCC_GetHCLKFreq
 .text.HAL_RCC_GetPCLK1Freq
                0x0000000008001698       0x20 CMakeFiles/D2011_Remote_Firmware.elf.dir/Drivers/STM32L0xx_HAL_Driver/Src/stm32l0xx_hal_rcc.c.obj
                0x0000000008001698                HAL_RCC_GetPCLK1Freq
 .text.HAL_RCC_GetPCLK2Freq
                0x00000000080016b8       0x20 CMakeFiles/D2011_Remote_Firmware.elf.dir/Drivers/STM32L0xx_HAL_Driver/Src/stm32l0xx_hal_rcc.c.obj
                0x00000000080016b8                HAL_RCC_GetPCLK2Freq
 .text.HAL_RCCEx_PeriphCLKConfig
                0x00000000080016d8      0x19c CMakeFiles/D2011_Remote_Firmware.elf.dir/Drivers/STM32L0xx_HAL_Driver/Src/stm32l0xx_hal_rcc_ex.c.obj
                0x00000000080016d8                HAL_RCCEx_PeriphCLKConfig
 .text.UART_SetConfig
                0x0000000008001874      0x268 CMakeFiles/D2011_Remote_Firmware.elf.dir/Drivers/STM32L0xx_HAL_Driver/Src/stm32l0xx_hal_uart.c.obj
                0x0000000008001874                UART_SetConfig
 .text.UART_AdvFeatureConfig
                0x0000000008001adc       0xe0 CMakeFiles/D2011_Remote_Firmware.elf.dir/Drivers/STM32L0xx_HAL_Driver/Src/stm32l0xx_hal_uart.c.obj
                0x0000000008001adc                UART_AdvFeatureConfig
 .text.UART_WaitOnFlagUntilTimeout
                0x0000000008001bbc       0xb0 CMakeFiles/D2011_Remote_Firmware.elf.dir/Drivers/STM32L0xx_HAL_Driver/Src/stm32l0xx_hal_uart.c.obj
                0x0000000008001bbc                UART_WaitOnFlagUntilTimeout
 .text.HAL_UART_Transmit
                0x0000000008001c6c      0x102 CMakeFiles/D2011_Remote_Firmware.elf.dir/Drivers/STM32L0xx_HAL_Driver/Src/stm32l0xx_hal_uart.c.obj
                0x0000000008001c6c                HAL_UART_Transmit
 *fill*         0x0000000008001d6e        0x2 
 .text.HAL_UART_Receive
                0x0000000008001d70      0x158 CMakeFiles/D2011_Remote_Firmware.elf.dir/Drivers/STM32L0xx_HAL_Driver/Src/stm32l0xx_hal_uart.c.obj
                0x0000000008001d70                HAL_UART_Receive
 .text.UART_CheckIdleState
                0x0000000008001ec8       0x70 CMakeFiles/D2011_Remote_Firmware.elf.dir/Drivers/STM32L0xx_HAL_Driver/Src/stm32l0xx_hal_uart.c.obj
                0x0000000008001ec8                UART_CheckIdleState
 .text.HAL_UART_Init
                0x0000000008001f38       0x6c CMakeFiles/D2011_Remote_Firmware.elf.dir/Drivers/STM32L0xx_HAL_Driver/Src/stm32l0xx_hal_uart.c.obj
                0x0000000008001f38                HAL_UART_Init
 .text.MX_GPIO_Init
                0x0000000008001fa4       0x60 CMakeFiles/D2011_Remote_Firmware.elf.dir/Src/gpio.c.obj
                0x0000000008001fa4                MX_GPIO_Init
 .text.MX_I2C1_Init
                0x0000000008002004       0x60 CMakeFiles/D2011_Remote_Firmware.elf.dir/Src/i2c.c.obj
                0x0000000008002004                MX_I2C1_Init
 .text.HAL_I2C_MspInit
                0x0000000008002064       0x60 CMakeFiles/D2011_Remote_Firmware.elf.dir/Src/i2c.c.obj
                0x0000000008002064                HAL_I2C_MspInit
 .text.MX_NVIC_Init
                0x00000000080020c4       0x14 CMakeFiles/D2011_Remote_Firmware.elf.dir/Src/main.c.obj
 .text.Error_Handler
                0x00000000080020d8        0x4 CMakeFiles/D2011_Remote_Firmware.elf.dir/Src/main.c.obj
                0x00000000080020d8                Error_Handler
 .text.SystemClock_Config
                0x00000000080020dc       0x98 CMakeFiles/D2011_Remote_Firmware.elf.dir/Src/main.c.obj
                0x00000000080020dc                SystemClock_Config
 .text.main     0x0000000008002174       0x20 CMakeFiles/D2011_Remote_Firmware.elf.dir/Src/main.c.obj
                0x0000000008002174                main
 .text.write_uart_blocking
                0x0000000008002194       0x20 CMakeFiles/D2011_Remote_Firmware.elf.dir/Src/remote_app/comm.c.obj
 .text.read_uart_blocking
                0x00000000080021b4       0x94 CMakeFiles/D2011_Remote_Firmware.elf.dir/Src/remote_app/comm.c.obj
 .text.comm_read_data
                0x0000000008002248        0xa CMakeFiles/D2011_Remote_Firmware.elf.dir/Src/remote_app/comm.c.obj
                0x0000000008002248                comm_read_data
 *fill*         0x0000000008002252        0x2 
 .text.send_command
                0x0000000008002254       0x84 CMakeFiles/D2011_Remote_Firmware.elf.dir/Src/remote_app/comm.c.obj
                0x0000000008002254                send_command
 .text.comm_parse_info
                0x00000000080022d8       0x70 CMakeFiles/D2011_Remote_Firmware.elf.dir/Src/remote_app/comm.c.obj
                0x00000000080022d8                comm_parse_info
 .text.itoa     0x0000000008002348       0x64 CMakeFiles/D2011_Remote_Firmware.elf.dir/Src/remote_app/layouts.c.obj
 .text.standard_draw
                0x00000000080023ac       0xd0 CMakeFiles/D2011_Remote_Firmware.elf.dir/Src/remote_app/layouts.c.obj
 .text.info_draw
                0x000000000800247c       0x74 CMakeFiles/D2011_Remote_Firmware.elf.dir/Src/remote_app/layouts.c.obj
 .text.status_draw
                0x00000000080024f0      0x1b0 CMakeFiles/D2011_Remote_Firmware.elf.dir/Src/remote_app/layouts.c.obj
 .text.up_down_draw
                0x00000000080026a0      0x188 CMakeFiles/D2011_Remote_Firmware.elf.dir/Src/remote_app/layouts.c.obj
 .text.sensing_draw
                0x0000000008002828       0xb0 CMakeFiles/D2011_Remote_Firmware.elf.dir/Src/remote_app/layouts.c.obj
 .text.full_image_draw
                0x00000000080028d8       0x60 CMakeFiles/D2011_Remote_Firmware.elf.dir/Src/remote_app/layouts.c.obj
 .text.remote_app_run
                0x0000000008002938        0x8 CMakeFiles/D2011_Remote_Firmware.elf.dir/Src/remote_app/remote_app.c.obj
                0x0000000008002938                remote_app_run
 .text.remote_app_init
                0x0000000008002940       0xa8 CMakeFiles/D2011_Remote_Firmware.elf.dir/Src/remote_app/remote_app.c.obj
                0x0000000008002940                remote_app_init
 .text.HAL_GPIO_EXTI_Callback
                0x00000000080029e8       0x2a CMakeFiles/D2011_Remote_Firmware.elf.dir/Src/remote_app/remote_app.c.obj
                0x00000000080029e8                HAL_GPIO_EXTI_Callback
 *fill*         0x0000000008002a12        0x2 
 .text.calibration_scr_on_enter_cb
                0x0000000008002a14       0x10 CMakeFiles/D2011_Remote_Firmware.elf.dir/Src/remote_app/screens/calibration.c.obj
                0x0000000008002a14                calibration_scr_on_enter_cb
 .text.information_scr_on_enter_cb
                0x0000000008002a24       0x18 CMakeFiles/D2011_Remote_Firmware.elf.dir/Src/remote_app/screens/information.c.obj
                0x0000000008002a24                information_scr_on_enter_cb
 .text.information_scr_on_select_cb
                0x0000000008002a3c       0x2a CMakeFiles/D2011_Remote_Firmware.elf.dir/Src/remote_app/screens/information.c.obj
                0x0000000008002a3c                information_scr_on_select_cb
 *fill*         0x0000000008002a66        0x2 
 .text.leveling_scr_on_enter
                0x0000000008002a68       0x24 CMakeFiles/D2011_Remote_Firmware.elf.dir/Src/remote_app/screens/leveling.c.obj
                0x0000000008002a68                leveling_scr_on_enter
 .text.leveling_scr_on_exit_cb
                0x0000000008002a8c       0x10 CMakeFiles/D2011_Remote_Firmware.elf.dir/Src/remote_app/screens/leveling.c.obj
                0x0000000008002a8c                leveling_scr_on_exit_cb
 .text.leveling_scr_move_up_cb
                0x0000000008002a9c       0x28 CMakeFiles/D2011_Remote_Firmware.elf.dir/Src/remote_app/screens/leveling.c.obj
                0x0000000008002a9c                leveling_scr_move_up_cb
 .text.leveling_scr_move_down_cb
                0x0000000008002ac4       0x28 CMakeFiles/D2011_Remote_Firmware.elf.dir/Src/remote_app/screens/leveling.c.obj
                0x0000000008002ac4                leveling_scr_move_down_cb
 .text.operation_mode_change
                0x0000000008002aec       0x98 CMakeFiles/D2011_Remote_Firmware.elf.dir/Src/remote_app/screens/op_mode.c.obj
                0x0000000008002aec                operation_mode_change
 .text.sensitivity_menu_scr_on_select_cb
                0x0000000008002b84       0x24 CMakeFiles/D2011_Remote_Firmware.elf.dir/Src/remote_app/screens/sensitivity.c.obj
                0x0000000008002b84                sensitivity_menu_scr_on_select_cb
 .text.sensitivity_scr_on_enter_cb
                0x0000000008002ba8       0x58 CMakeFiles/D2011_Remote_Firmware.elf.dir/Src/remote_app/screens/sensitivity.c.obj
                0x0000000008002ba8                sensitivity_scr_on_enter_cb
 .text.sensitivity_scr_on_select_cb
                0x0000000008002c00       0x18 CMakeFiles/D2011_Remote_Firmware.elf.dir/Src/remote_app/screens/sensitivity.c.obj
                0x0000000008002c00                sensitivity_scr_on_select_cb
 .text.HAL_MspInit
                0x0000000008002c18       0x1c CMakeFiles/D2011_Remote_Firmware.elf.dir/Src/stm32l0xx_hal_msp.c.obj
                0x0000000008002c18                HAL_MspInit
 .text.NMI_Handler
                0x0000000008002c34        0x2 CMakeFiles/D2011_Remote_Firmware.elf.dir/Src/stm32l0xx_it.c.obj
                0x0000000008002c34                NMI_Handler
 .text.HardFault_Handler
                0x0000000008002c36        0x2 CMakeFiles/D2011_Remote_Firmware.elf.dir/Src/stm32l0xx_it.c.obj
                0x0000000008002c36                HardFault_Handler
 .text.SVC_Handler
                0x0000000008002c38        0x2 CMakeFiles/D2011_Remote_Firmware.elf.dir/Src/stm32l0xx_it.c.obj
                0x0000000008002c38                SVC_Handler
 .text.PendSV_Handler
                0x0000000008002c3a        0x2 CMakeFiles/D2011_Remote_Firmware.elf.dir/Src/stm32l0xx_it.c.obj
                0x0000000008002c3a                PendSV_Handler
 .text.SysTick_Handler
                0x0000000008002c3c        0x8 CMakeFiles/D2011_Remote_Firmware.elf.dir/Src/stm32l0xx_it.c.obj
                0x0000000008002c3c                SysTick_Handler
 .text.EXTI4_15_IRQHandler
                0x0000000008002c44       0x16 CMakeFiles/D2011_Remote_Firmware.elf.dir/Src/stm32l0xx_it.c.obj
                0x0000000008002c44                EXTI4_15_IRQHandler
 *fill*         0x0000000008002c5a        0x2 
 .text._sbrk    0x0000000008002c5c       0x3c CMakeFiles/D2011_Remote_Firmware.elf.dir/Src/syscalls.c.obj
                0x0000000008002c5c                _sbrk
 .text.SystemInit
                0x0000000008002c98        0x2 CMakeFiles/D2011_Remote_Firmware.elf.dir/Src/system_stm32l0xx.c.obj
                0x0000000008002c98                SystemInit
 *fill*         0x0000000008002c9a        0x2 
 .text.MX_USART2_UART_Init
                0x0000000008002c9c       0x3c CMakeFiles/D2011_Remote_Firmware.elf.dir/Src/usart.c.obj
                0x0000000008002c9c                MX_USART2_UART_Init
 .text.HAL_UART_MspInit
                0x0000000008002cd8       0x60 CMakeFiles/D2011_Remote_Firmware.elf.dir/Src/usart.c.obj
                0x0000000008002cd8                HAL_UART_MspInit
 .text.set_current_screen
                0x0000000008002d38       0x4c CMakeFiles/D2011_Remote_Firmware.elf.dir/lib/olm/olm.c.obj
 .text.olm_init
                0x0000000008002d84       0x10 CMakeFiles/D2011_Remote_Firmware.elf.dir/lib/olm/olm.c.obj
                0x0000000008002d84                olm_init
 .text.olm_clear
                0x0000000008002d94        0xa CMakeFiles/D2011_Remote_Firmware.elf.dir/lib/olm/olm.c.obj
                0x0000000008002d94                olm_clear
 *fill*         0x0000000008002d9e        0x2 
 .text.olm_draw
                0x0000000008002da0       0x1c CMakeFiles/D2011_Remote_Firmware.elf.dir/lib/olm/olm.c.obj
                0x0000000008002da0                olm_draw
 .text.olm_handle
                0x0000000008002dbc       0x1c CMakeFiles/D2011_Remote_Firmware.elf.dir/lib/olm/olm.c.obj
                0x0000000008002dbc                olm_handle
 .text.olm_invalidate_display
                0x0000000008002dd8        0xc CMakeFiles/D2011_Remote_Firmware.elf.dir/lib/olm/olm.c.obj
                0x0000000008002dd8                olm_invalidate_display
 .text.olm_get_current_screen
                0x0000000008002de4       0x18 CMakeFiles/D2011_Remote_Firmware.elf.dir/lib/olm/olm.c.obj
                0x0000000008002de4                olm_get_current_screen
 .text.olm_next_button
                0x0000000008002dfc       0x44 CMakeFiles/D2011_Remote_Firmware.elf.dir/lib/olm/olm.c.obj
                0x0000000008002dfc                olm_next_button
 .text.olm_previous_button
                0x0000000008002e40       0x44 CMakeFiles/D2011_Remote_Firmware.elf.dir/lib/olm/olm.c.obj
                0x0000000008002e40                olm_previous_button
 .text.olm_child_screen
                0x0000000008002e84       0x24 CMakeFiles/D2011_Remote_Firmware.elf.dir/lib/olm/olm.c.obj
                0x0000000008002e84                olm_child_screen
 .text.olm_select_button
                0x0000000008002ea8       0x54 CMakeFiles/D2011_Remote_Firmware.elf.dir/lib/olm/olm.c.obj
                0x0000000008002ea8                olm_select_button
 .text.olm_next_screen
                0x0000000008002efc       0x30 CMakeFiles/D2011_Remote_Firmware.elf.dir/lib/olm/olm.c.obj
                0x0000000008002efc                olm_next_screen
 .text.olm_previous_screen
                0x0000000008002f2c       0x30 CMakeFiles/D2011_Remote_Firmware.elf.dir/lib/olm/olm.c.obj
                0x0000000008002f2c                olm_previous_screen
 .text.olm_back
                0x0000000008002f5c       0x30 CMakeFiles/D2011_Remote_Firmware.elf.dir/lib/olm/olm.c.obj
                0x0000000008002f5c                olm_back
 .text.ssd1306_WriteCommand
                0x0000000008002f8c       0x2c CMakeFiles/D2011_Remote_Firmware.elf.dir/lib/stm32-ssd1306/ssd1306/ssd1306.c.obj
                0x0000000008002f8c                ssd1306_WriteCommand
 .text.ssd1306_WriteData
                0x0000000008002fb8       0x24 CMakeFiles/D2011_Remote_Firmware.elf.dir/lib/stm32-ssd1306/ssd1306/ssd1306.c.obj
                0x0000000008002fb8                ssd1306_WriteData
 .text.ssd1306_Fill
                0x0000000008002fdc       0x24 CMakeFiles/D2011_Remote_Firmware.elf.dir/lib/stm32-ssd1306/ssd1306/ssd1306.c.obj
                0x0000000008002fdc                ssd1306_Fill
 .text.ssd1306_UpdateScreen
                0x0000000008003000       0x38 CMakeFiles/D2011_Remote_Firmware.elf.dir/lib/stm32-ssd1306/ssd1306/ssd1306.c.obj
                0x0000000008003000                ssd1306_UpdateScreen
 .text.ssd1306_DrawPixel
                0x0000000008003038       0x54 CMakeFiles/D2011_Remote_Firmware.elf.dir/lib/stm32-ssd1306/ssd1306/ssd1306.c.obj
                0x0000000008003038                ssd1306_DrawPixel
 .text.ssd1306_WriteChar
                0x000000000800308c       0xc4 CMakeFiles/D2011_Remote_Firmware.elf.dir/lib/stm32-ssd1306/ssd1306/ssd1306.c.obj
                0x000000000800308c                ssd1306_WriteChar
 .text.ssd1306_WriteString
                0x0000000008003150       0x2c CMakeFiles/D2011_Remote_Firmware.elf.dir/lib/stm32-ssd1306/ssd1306/ssd1306.c.obj
                0x0000000008003150                ssd1306_WriteString
 .text.ssd1306_SetCursor
                0x000000000800317c        0xc CMakeFiles/D2011_Remote_Firmware.elf.dir/lib/stm32-ssd1306/ssd1306/ssd1306.c.obj
                0x000000000800317c                ssd1306_SetCursor
 .text.ssd1306_Line
                0x0000000008003188       0xa0 CMakeFiles/D2011_Remote_Firmware.elf.dir/lib/stm32-ssd1306/ssd1306/ssd1306.c.obj
                0x0000000008003188                ssd1306_Line
 .text.ssd1306_Polyline
                0x0000000008003228       0x48 CMakeFiles/D2011_Remote_Firmware.elf.dir/lib/stm32-ssd1306/ssd1306/ssd1306.c.obj
                0x0000000008003228                ssd1306_Polyline
 .text.ssd1306_DrawRectangle
                0x0000000008003270       0x56 CMakeFiles/D2011_Remote_Firmware.elf.dir/lib/stm32-ssd1306/ssd1306/ssd1306.c.obj
                0x0000000008003270                ssd1306_DrawRectangle
 .text.ssd1306_SetContrast
                0x00000000080032c6       0x12 CMakeFiles/D2011_Remote_Firmware.elf.dir/lib/stm32-ssd1306/ssd1306/ssd1306.c.obj
                0x00000000080032c6                ssd1306_SetContrast
 .text.ssd1306_SetDisplayOn
                0x00000000080032d8       0x24 CMakeFiles/D2011_Remote_Firmware.elf.dir/lib/stm32-ssd1306/ssd1306/ssd1306.c.obj
                0x00000000080032d8                ssd1306_SetDisplayOn
 .text.ssd1306_Init
                0x00000000080032fc       0xc8 CMakeFiles/D2011_Remote_Firmware.elf.dir/lib/stm32-ssd1306/ssd1306/ssd1306.c.obj
                0x00000000080032fc                ssd1306_Init
 .text.Reset_Handler
                0x00000000080033c4       0x50 CMakeFiles/D2011_Remote_Firmware.elf.dir/startup/startup_stm32l031xx.s.obj
                0x00000000080033c4                Reset_Handler
 .text.Default_Handler
                0x0000000008003414        0x2 CMakeFiles/D2011_Remote_Firmware.elf.dir/startup/startup_stm32l031xx.s.obj
                0x0000000008003414                LPTIM1_IRQHandler
                0x0000000008003414                PVD_IRQHandler
                0x0000000008003414                I2C1_IRQHandler
                0x0000000008003414                SPI1_IRQHandler
                0x0000000008003414                EXTI2_3_IRQHandler
                0x0000000008003414                RTC_IRQHandler
                0x0000000008003414                DMA1_Channel4_5_6_7_IRQHandler
                0x0000000008003414                RCC_IRQHandler
                0x0000000008003414                DMA1_Channel1_IRQHandler
                0x0000000008003414                Default_Handler
                0x0000000008003414                TIM22_IRQHandler
                0x0000000008003414                EXTI0_1_IRQHandler
                0x0000000008003414                TIM21_IRQHandler
                0x0000000008003414                WWDG_IRQHandler
                0x0000000008003414                LPUART1_IRQHandler
                0x0000000008003414                TIM2_IRQHandler
                0x0000000008003414                DMA1_Channel2_3_IRQHandler
                0x0000000008003414                USART2_IRQHandler
                0x0000000008003414                FLASH_IRQHandler
                0x0000000008003414                ADC1_COMP_IRQHandler
 *fill*         0x0000000008003416        0x2 
 .text.__errno  0x0000000008003418        0xc /usr/local/Cellar/arm-none-eabi-gcc/9-2019-q4-major/gcc/bin/../lib/gcc/arm-none-eabi/9.2.1/../../../../arm-none-eabi/lib/thumb/v6-m/nofp/libc.a(lib_a-errno.o)
                0x0000000008003418                __errno
 .text.__libc_init_array
                0x0000000008003424       0x44 /usr/local/Cellar/arm-none-eabi-gcc/9-2019-q4-major/gcc/bin/../lib/gcc/arm-none-eabi/9.2.1/../../../../arm-none-eabi/lib/thumb/v6-m/nofp/libc.a(lib_a-init.o)
                0x0000000008003424                __libc_init_array
 .text.malloc   0x0000000008003468       0x14 /usr/local/Cellar/arm-none-eabi-gcc/9-2019-q4-major/gcc/bin/../lib/gcc/arm-none-eabi/9.2.1/../../../../arm-none-eabi/lib/thumb/v6-m/nofp/libc.a(lib_a-malloc.o)
                0x0000000008003468                malloc
 .text.free     0x000000000800347c       0x14 /usr/local/Cellar/arm-none-eabi-gcc/9-2019-q4-major/gcc/bin/../lib/gcc/arm-none-eabi/9.2.1/../../../../arm-none-eabi/lib/thumb/v6-m/nofp/libc.a(lib_a-malloc.o)
                0x000000000800347c                free
 .text._malloc_r
                0x0000000008003490      0x580 /usr/local/Cellar/arm-none-eabi-gcc/9-2019-q4-major/gcc/bin/../lib/gcc/arm-none-eabi/9.2.1/../../../../arm-none-eabi/lib/thumb/v6-m/nofp/libc.a(lib_a-mallocr.o)
                0x0000000008003490                _malloc_r
 .text.memcpy   0x0000000008003a10       0xa4 /usr/local/Cellar/arm-none-eabi-gcc/9-2019-q4-major/gcc/bin/../lib/gcc/arm-none-eabi/9.2.1/../../../../arm-none-eabi/lib/thumb/v6-m/nofp/libc.a(lib_a-memcpy-stub.o)
                0x0000000008003a10                memcpy
 .text.memset   0x0000000008003ab4       0xa8 /usr/local/Cellar/arm-none-eabi-gcc/9-2019-q4-major/gcc/bin/../lib/gcc/arm-none-eabi/9.2.1/../../../../arm-none-eabi/lib/thumb/v6-m/nofp/libc.a(lib_a-memset.o)
                0x0000000008003ab4                memset
 .text.__malloc_lock
                0x0000000008003b5c       0x10 /usr/local/Cellar/arm-none-eabi-gcc/9-2019-q4-major/gcc/bin/../lib/gcc/arm-none-eabi/9.2.1/../../../../arm-none-eabi/lib/thumb/v6-m/nofp/libc.a(lib_a-mlock.o)
                0x0000000008003b5c                __malloc_lock
 .text.__malloc_unlock
                0x0000000008003b6c       0x10 /usr/local/Cellar/arm-none-eabi-gcc/9-2019-q4-major/gcc/bin/../lib/gcc/arm-none-eabi/9.2.1/../../../../arm-none-eabi/lib/thumb/v6-m/nofp/libc.a(lib_a-mlock.o)
                0x0000000008003b6c                __malloc_unlock
 .text._sbrk_r  0x0000000008003b7c       0x24 /usr/local/Cellar/arm-none-eabi-gcc/9-2019-q4-major/gcc/bin/../lib/gcc/arm-none-eabi/9.2.1/../../../../arm-none-eabi/lib/thumb/v6-m/nofp/libc.a(lib_a-sbrkr.o)
                0x0000000008003b7c                _sbrk_r
 .text.strcat   0x0000000008003ba0       0x50 /usr/local/Cellar/arm-none-eabi-gcc/9-2019-q4-major/gcc/bin/../lib/gcc/arm-none-eabi/9.2.1/../../../../arm-none-eabi/lib/thumb/v6-m/nofp/libc.a(lib_a-strcat.o)
                0x0000000008003ba0                strcat
 .text.strcpy   0x0000000008003bf0       0x10 /usr/local/Cellar/arm-none-eabi-gcc/9-2019-q4-major/gcc/bin/../lib/gcc/arm-none-eabi/9.2.1/../../../../arm-none-eabi/lib/thumb/v6-m/nofp/libc.a(lib_a-strcpy.o)
                0x0000000008003bf0                strcpy
 .text.strlen   0x0000000008003c00       0x5c /usr/local/Cellar/arm-none-eabi-gcc/9-2019-q4-major/gcc/bin/../lib/gcc/arm-none-eabi/9.2.1/../../../../arm-none-eabi/lib/thumb/v6-m/nofp/libc.a(lib_a-strlen-stub.o)
                0x0000000008003c00                strlen
 .text.strncmp  0x0000000008003c5c       0x68 /usr/local/Cellar/arm-none-eabi-gcc/9-2019-q4-major/gcc/bin/../lib/gcc/arm-none-eabi/9.2.1/../../../../arm-none-eabi/lib/thumb/v6-m/nofp/libc.a(lib_a-strncmp.o)
                0x0000000008003c5c                strncmp
 .text.strncpy  0x0000000008003cc4       0x6c /usr/local/Cellar/arm-none-eabi-gcc/9-2019-q4-major/gcc/bin/../lib/gcc/arm-none-eabi/9.2.1/../../../../arm-none-eabi/lib/thumb/v6-m/nofp/libc.a(lib_a-strncpy.o)
                0x0000000008003cc4                strncpy
 .text.two_way_long_needle
                0x0000000008003d30      0x288 /usr/local/Cellar/arm-none-eabi-gcc/9-2019-q4-major/gcc/bin/../lib/gcc/arm-none-eabi/9.2.1/../../../../arm-none-eabi/lib/thumb/v6-m/nofp/libc.a(lib_a-strstr.o)
 .text.strstr   0x0000000008003fb8      0x178 /usr/local/Cellar/arm-none-eabi-gcc/9-2019-q4-major/gcc/bin/../lib/gcc/arm-none-eabi/9.2.1/../../../../arm-none-eabi/lib/thumb/v6-m/nofp/libc.a(lib_a-strstr.o)
                0x0000000008003fb8                strstr
 .text.startup.register_fini
                0x0000000008004130       0x18 /usr/local/Cellar/arm-none-eabi-gcc/9-2019-q4-major/gcc/bin/../lib/gcc/arm-none-eabi/9.2.1/../../../../arm-none-eabi/lib/thumb/v6-m/nofp/libc.a(lib_a-__call_atexit.o)
 .text.atexit   0x0000000008004148       0x10 /usr/local/Cellar/arm-none-eabi-gcc/9-2019-q4-major/gcc/bin/../lib/gcc/arm-none-eabi/9.2.1/../../../../arm-none-eabi/lib/thumb/v6-m/nofp/libc.a(lib_a-atexit.o)
                0x0000000008004148                atexit
 .text.__libc_fini_array
                0x0000000008004158       0x28 /usr/local/Cellar/arm-none-eabi-gcc/9-2019-q4-major/gcc/bin/../lib/gcc/arm-none-eabi/9.2.1/../../../../arm-none-eabi/lib/thumb/v6-m/nofp/libc.a(lib_a-fini.o)
                0x0000000008004158                __libc_fini_array
 .text._malloc_trim_r
                0x0000000008004180       0x9c /usr/local/Cellar/arm-none-eabi-gcc/9-2019-q4-major/gcc/bin/../lib/gcc/arm-none-eabi/9.2.1/../../../../arm-none-eabi/lib/thumb/v6-m/nofp/libc.a(lib_a-freer.o)
                0x0000000008004180                _malloc_trim_r
 .text._free_r  0x000000000800421c      0x1c4 /usr/local/Cellar/arm-none-eabi-gcc/9-2019-q4-major/gcc/bin/../lib/gcc/arm-none-eabi/9.2.1/../../../../arm-none-eabi/lib/thumb/v6-m/nofp/libc.a(lib_a-freer.o)
                0x000000000800421c                _free_r
 .text.__retarget_lock_acquire_recursive
                0x00000000080043e0        0x4 /usr/local/Cellar/arm-none-eabi-gcc/9-2019-q4-major/gcc/bin/../lib/gcc/arm-none-eabi/9.2.1/../../../../arm-none-eabi/lib/thumb/v6-m/nofp/libc.a(lib_a-lock.o)
                0x00000000080043e0                __retarget_lock_acquire_recursive
 .text.__retarget_lock_release_recursive
                0x00000000080043e4        0x4 /usr/local/Cellar/arm-none-eabi-gcc/9-2019-q4-major/gcc/bin/../lib/gcc/arm-none-eabi/9.2.1/../../../../arm-none-eabi/lib/thumb/v6-m/nofp/libc.a(lib_a-lock.o)
                0x00000000080043e4                __retarget_lock_release_recursive
 .text.memcmp   0x00000000080043e8       0x48 /usr/local/Cellar/arm-none-eabi-gcc/9-2019-q4-major/gcc/bin/../lib/gcc/arm-none-eabi/9.2.1/../../../../arm-none-eabi/lib/thumb/v6-m/nofp/libc.a(lib_a-memcmp.o)
                0x00000000080043e8                memcmp
 .text.strchr   0x0000000008004430       0xc0 /usr/local/Cellar/arm-none-eabi-gcc/9-2019-q4-major/gcc/bin/../lib/gcc/arm-none-eabi/9.2.1/../../../../arm-none-eabi/lib/thumb/v6-m/nofp/libc.a(lib_a-strchr.o)
                0x0000000008004430                strchr
 .text.strnlen  0x00000000080044f0       0x20 /usr/local/Cellar/arm-none-eabi-gcc/9-2019-q4-major/gcc/bin/../lib/gcc/arm-none-eabi/9.2.1/../../../../arm-none-eabi/lib/thumb/v6-m/nofp/libc.a(lib_a-strnlen.o)
                0x00000000080044f0                strnlen
 .text.__register_exitproc
                0x0000000008004510       0xac /usr/local/Cellar/arm-none-eabi-gcc/9-2019-q4-major/gcc/bin/../lib/gcc/arm-none-eabi/9.2.1/../../../../arm-none-eabi/lib/thumb/v6-m/nofp/libc.a(lib_a-__atexit.o)
                0x0000000008004510                __register_exitproc
 *(.glue_7)
 .glue_7        0x00000000080045bc        0x0 linker stubs
 *(.glue_7t)
 .glue_7t       0x00000000080045bc        0x0 linker stubs
 *(.eh_frame)
 .eh_frame      0x00000000080045bc        0x0 /usr/local/Cellar/arm-none-eabi-gcc/9-2019-q4-major/gcc/bin/../lib/gcc/arm-none-eabi/9.2.1/thumb/v6-m/nofp/crtbegin.o
 *(.init)
 .init          0x00000000080045bc        0x4 /usr/local/Cellar/arm-none-eabi-gcc/9-2019-q4-major/gcc/bin/../lib/gcc/arm-none-eabi/9.2.1/thumb/v6-m/nofp/crti.o
                0x00000000080045bc                _init
 .init          0x00000000080045c0        0x8 /usr/local/Cellar/arm-none-eabi-gcc/9-2019-q4-major/gcc/bin/../lib/gcc/arm-none-eabi/9.2.1/thumb/v6-m/nofp/crtn.o
 *(.fini)
 .fini          0x00000000080045c8        0x4 /usr/local/Cellar/arm-none-eabi-gcc/9-2019-q4-major/gcc/bin/../lib/gcc/arm-none-eabi/9.2.1/thumb/v6-m/nofp/crti.o
                0x00000000080045c8                _fini
 .fini          0x00000000080045cc        0x8 /usr/local/Cellar/arm-none-eabi-gcc/9-2019-q4-major/gcc/bin/../lib/gcc/arm-none-eabi/9.2.1/thumb/v6-m/nofp/crtn.o
                0x00000000080045d4                . = ALIGN (0x4)
                0x00000000080045d4                _etext = .

.vfp11_veneer   0x00000000080045d4        0x0
 .vfp11_veneer  0x00000000080045d4        0x0 linker stubs

.v4_bx          0x00000000080045d4        0x0
 .v4_bx         0x00000000080045d4        0x0 linker stubs

.iplt           0x00000000080045d4        0x0
 .iplt          0x00000000080045d4        0x0 /usr/local/Cellar/arm-none-eabi-gcc/9-2019-q4-major/gcc/bin/../lib/gcc/arm-none-eabi/9.2.1/thumb/v6-m/nofp/crtbegin.o

.rodata         0x00000000080045d4      0xf00
                0x00000000080045d4                . = ALIGN (0x4)
 *(.rodata)
 .rodata        0x00000000080045d4        0x6 CMakeFiles/D2011_Remote_Firmware.elf.dir/Src/remote_app/layouts.c.obj
 *(.rodata*)
 *fill*         0x00000000080045da        0x2 
 .rodata.UART_SetConfig
                0x00000000080045dc       0x48 CMakeFiles/D2011_Remote_Firmware.elf.dir/Drivers/STM32L0xx_HAL_Driver/Src/stm32l0xx_hal_uart.c.obj
 .rodata.send_command.str1.4
                0x0000000008004624        0x8 CMakeFiles/D2011_Remote_Firmware.elf.dir/Src/remote_app/comm.c.obj
 .rodata.str1.4
                0x000000000800462c       0x40 CMakeFiles/D2011_Remote_Firmware.elf.dir/Src/remote_app/comm.c.obj
 .rodata.itoa.str1.4
                0x000000000800466c        0xb CMakeFiles/D2011_Remote_Firmware.elf.dir/Src/remote_app/layouts.c.obj
 *fill*         0x0000000008004677        0x1 
 .rodata.status_draw.str1.4
                0x0000000008004678       0x66 CMakeFiles/D2011_Remote_Firmware.elf.dir/Src/remote_app/layouts.c.obj
 *fill*         0x00000000080046de        0x2 
 .rodata.up_down_draw.str1.4
                0x00000000080046e0       0x1b CMakeFiles/D2011_Remote_Firmware.elf.dir/Src/remote_app/layouts.c.obj
 *fill*         0x00000000080046fb        0x1 
 .rodata.hand_map
                0x00000000080046fc       0x80 CMakeFiles/D2011_Remote_Firmware.elf.dir/Src/remote_app/layouts.c.obj
                0x00000000080046fc                hand_map
 .rodata.jmm_map
                0x000000000800477c      0x370 CMakeFiles/D2011_Remote_Firmware.elf.dir/Src/remote_app/remote_app.c.obj
                0x000000000800477c                jmm_map
 .rodata.calibration_scr_on_enter_cb.str1.4
                0x0000000008004aec       0x15 CMakeFiles/D2011_Remote_Firmware.elf.dir/Src/remote_app/screens/calibration.c.obj
 *fill*         0x0000000008004b01        0x3 
 .rodata.leveling_scr_on_enter.str1.4
                0x0000000008004b04        0xf CMakeFiles/D2011_Remote_Firmware.elf.dir/Src/remote_app/screens/leveling.c.obj
 *fill*         0x0000000008004b13        0x1 
 .rodata.leveling_scr_on_exit_cb.str1.4
                0x0000000008004b14        0xe CMakeFiles/D2011_Remote_Firmware.elf.dir/Src/remote_app/screens/leveling.c.obj
 *fill*         0x0000000008004b22        0x2 
 .rodata.leveling_scr_move_up_cb.str1.4
                0x0000000008004b24        0x8 CMakeFiles/D2011_Remote_Firmware.elf.dir/Src/remote_app/screens/leveling.c.obj
 .rodata.leveling_scr_move_down_cb.str1.4
                0x0000000008004b2c        0xa CMakeFiles/D2011_Remote_Firmware.elf.dir/Src/remote_app/screens/leveling.c.obj
 *fill*         0x0000000008004b36        0x2 
 .rodata.operation_mode_change.str1.4
                0x0000000008004b38       0x10 CMakeFiles/D2011_Remote_Firmware.elf.dir/Src/remote_app/screens/op_mode.c.obj
 .rodata.str1.4
                0x0000000008004b48       0x2f CMakeFiles/D2011_Remote_Firmware.elf.dir/Src/remote_app/screens/op_mode.c.obj
 *fill*         0x0000000008004b77        0x1 
 .rodata.m_closing_mode_1_stage
                0x0000000008004b78        0xc CMakeFiles/D2011_Remote_Firmware.elf.dir/Src/remote_app/screens/op_mode.c.obj
 .rodata.m_closing_mode_2_stages
                0x0000000008004b84        0xc CMakeFiles/D2011_Remote_Firmware.elf.dir/Src/remote_app/screens/op_mode.c.obj
 .rodata.str1.4
                0x0000000008004b90      0x184 CMakeFiles/D2011_Remote_Firmware.elf.dir/Src/remote_app/screens/screens.c.obj
                                        0x190 (size before relaxing)
 .rodata.sensitivity_scr_on_enter_cb.str1.4
                0x0000000008004d14       0x2b CMakeFiles/D2011_Remote_Firmware.elf.dir/Src/remote_app/screens/sensitivity.c.obj
 .rodata.sensitivity_scr_on_select_cb.str1.4
                0x0000000008004d3f        0xe CMakeFiles/D2011_Remote_Firmware.elf.dir/Src/remote_app/screens/sensitivity.c.obj
 *fill*         0x0000000008004d3f        0x1 
 .rodata.AHBPrescTable
                0x0000000008004d40       0x10 CMakeFiles/D2011_Remote_Firmware.elf.dir/Src/system_stm32l0xx.c.obj
                0x0000000008004d40                AHBPrescTable
 .rodata.APBPrescTable
                0x0000000008004d50        0x8 CMakeFiles/D2011_Remote_Firmware.elf.dir/Src/system_stm32l0xx.c.obj
                0x0000000008004d50                APBPrescTable
 .rodata.PLLMulTable
                0x0000000008004d58        0x9 CMakeFiles/D2011_Remote_Firmware.elf.dir/Src/system_stm32l0xx.c.obj
                0x0000000008004d58                PLLMulTable
 *fill*         0x0000000008004d61        0x3 
 .rodata.Font7x10
                0x0000000008004d64      0x76c CMakeFiles/D2011_Remote_Firmware.elf.dir/lib/stm32-ssd1306/ssd1306/ssd1306_fonts.c.obj
 .rodata._global_impure_ptr
                0x00000000080054d0        0x4 /usr/local/Cellar/arm-none-eabi-gcc/9-2019-q4-major/gcc/bin/../lib/gcc/arm-none-eabi/9.2.1/../../../../arm-none-eabi/lib/thumb/v6-m/nofp/libc.a(lib_a-impure.o)
                0x00000000080054d0                _global_impure_ptr
                0x00000000080054d4                . = ALIGN (0x4)

.ARM.extab
 *(.ARM.extab* .gnu.linkonce.armextab.*)

.ARM            0x00000000080054d4        0x8
                0x00000000080054d4                __exidx_start = .
 *(.ARM.exidx*)
 .ARM.exidx     0x00000000080054d4        0x8 /usr/local/Cellar/arm-none-eabi-gcc/9-2019-q4-major/gcc/bin/../lib/gcc/arm-none-eabi/9.2.1/thumb/v6-m/nofp/libgcc.a(_udivmoddi4.o)
                0x00000000080054dc                __exidx_end = .

.rel.dyn        0x00000000080054dc        0x0
 .rel.iplt      0x00000000080054dc        0x0 /usr/local/Cellar/arm-none-eabi-gcc/9-2019-q4-major/gcc/bin/../lib/gcc/arm-none-eabi/9.2.1/thumb/v6-m/nofp/crtbegin.o

.preinit_array  0x00000000080054dc        0x0
                0x00000000080054dc                PROVIDE (__preinit_array_start = .)
 *(.preinit_array*)
                0x00000000080054dc                PROVIDE (__preinit_array_end = .)

.init_array     0x00000000080054dc        0x8
                0x00000000080054dc                PROVIDE (__init_array_start = .)
 *(SORT_BY_NAME(.init_array.*))
 .init_array.00000
                0x00000000080054dc        0x4 /usr/local/Cellar/arm-none-eabi-gcc/9-2019-q4-major/gcc/bin/../lib/gcc/arm-none-eabi/9.2.1/../../../../arm-none-eabi/lib/thumb/v6-m/nofp/libc.a(lib_a-__call_atexit.o)
 *(.init_array*)
 .init_array    0x00000000080054e0        0x4 /usr/local/Cellar/arm-none-eabi-gcc/9-2019-q4-major/gcc/bin/../lib/gcc/arm-none-eabi/9.2.1/thumb/v6-m/nofp/crtbegin.o
                0x00000000080054e4                PROVIDE (__init_array_end = .)

.fini_array     0x00000000080054e4        0x4
                0x00000000080054e4                PROVIDE (__fini_array_start = .)
 *(SORT_BY_NAME(.fini_array.*))
 *(.fini_array*)
 .fini_array    0x00000000080054e4        0x4 /usr/local/Cellar/arm-none-eabi-gcc/9-2019-q4-major/gcc/bin/../lib/gcc/arm-none-eabi/9.2.1/thumb/v6-m/nofp/crtbegin.o
                0x00000000080054e8                PROVIDE (__fini_array_end = .)
                0x00000000080054e8                _sidata = LOADADDR (.data)

.data           0x0000000020000000      0xd24 load address 0x00000000080054e8
                0x0000000020000000                . = ALIGN (0x4)
                0x0000000020000000                _sdata = .
 *(.data)
 *(.data*)
 .data.uwTickFreq
                0x0000000020000000        0x1 CMakeFiles/D2011_Remote_Firmware.elf.dir/Drivers/STM32L0xx_HAL_Driver/Src/stm32l0xx_hal.c.obj
                0x0000000020000000                uwTickFreq
 *fill*         0x0000000020000001        0x3 
 .data.uwTickPrio
                0x0000000020000004        0x4 CMakeFiles/D2011_Remote_Firmware.elf.dir/Drivers/STM32L0xx_HAL_Driver/Src/stm32l0xx_hal.c.obj
                0x0000000020000004                uwTickPrio
 .data.m_incoming_info
                0x0000000020000008       0x60 CMakeFiles/D2011_Remote_Firmware.elf.dir/Src/remote_app/comm.c.obj
                0x0000000020000008                m_incoming_info
 .data.full_image_layout
                0x0000000020000068       0x1c CMakeFiles/D2011_Remote_Firmware.elf.dir/Src/remote_app/layouts.c.obj
                0x0000000020000068                full_image_layout
 .data.info_layout
                0x0000000020000084       0x1c CMakeFiles/D2011_Remote_Firmware.elf.dir/Src/remote_app/layouts.c.obj
                0x0000000020000084                info_layout
 .data.sensing_layout
                0x00000000200000a0       0x1c CMakeFiles/D2011_Remote_Firmware.elf.dir/Src/remote_app/layouts.c.obj
                0x00000000200000a0                sensing_layout
 .data.standard_layout
                0x00000000200000bc       0x1c CMakeFiles/D2011_Remote_Firmware.elf.dir/Src/remote_app/layouts.c.obj
                0x00000000200000bc                standard_layout
 .data.status_layout
                0x00000000200000d8       0x1c CMakeFiles/D2011_Remote_Firmware.elf.dir/Src/remote_app/layouts.c.obj
                0x00000000200000d8                status_layout
 .data.up_down_layout
                0x00000000200000f4       0x1c CMakeFiles/D2011_Remote_Firmware.elf.dir/Src/remote_app/layouts.c.obj
                0x00000000200000f4                up_down_layout
 .data.m_closing_mode
                0x0000000020000110        0xc CMakeFiles/D2011_Remote_Firmware.elf.dir/Src/remote_app/screens/op_mode.c.obj
 .data.factory_reset_info_1_scr
                0x000000002000011c       0x44 CMakeFiles/D2011_Remote_Firmware.elf.dir/Src/remote_app/screens/screens.c.obj
                0x000000002000011c                factory_reset_info_1_scr
 .data.factory_reset_scr
                0x0000000020000160       0x44 CMakeFiles/D2011_Remote_Firmware.elf.dir/Src/remote_app/screens/screens.c.obj
                0x0000000020000160                factory_reset_scr
 .data.information_child_scr
                0x00000000200001a4       0x44 CMakeFiles/D2011_Remote_Firmware.elf.dir/Src/remote_app/screens/screens.c.obj
                0x00000000200001a4                information_child_scr
 .data.information_scr
                0x00000000200001e8       0x44 CMakeFiles/D2011_Remote_Firmware.elf.dir/Src/remote_app/screens/screens.c.obj
                0x00000000200001e8                information_scr
 .data.leveling_child_scr
                0x000000002000022c       0x44 CMakeFiles/D2011_Remote_Firmware.elf.dir/Src/remote_app/screens/screens.c.obj
                0x000000002000022c                leveling_child_scr
 .data.leveling_info_scr
                0x0000000020000270       0x44 CMakeFiles/D2011_Remote_Firmware.elf.dir/Src/remote_app/screens/screens.c.obj
                0x0000000020000270                leveling_info_scr
 .data.leveling_scr
                0x00000000200002b4       0x44 CMakeFiles/D2011_Remote_Firmware.elf.dir/Src/remote_app/screens/screens.c.obj
                0x00000000200002b4                leveling_scr
 .data.operation_mode_child_scr
                0x00000000200002f8       0x44 CMakeFiles/D2011_Remote_Firmware.elf.dir/Src/remote_app/screens/screens.c.obj
                0x00000000200002f8                operation_mode_child_scr
 .data.operation_mode_scr
                0x000000002000033c       0x44 CMakeFiles/D2011_Remote_Firmware.elf.dir/Src/remote_app/screens/screens.c.obj
                0x000000002000033c                operation_mode_scr
 .data.sensitivity_child_scr
                0x0000000020000380       0x44 CMakeFiles/D2011_Remote_Firmware.elf.dir/Src/remote_app/screens/screens.c.obj
                0x0000000020000380                sensitivity_child_scr
 .data.sensitivity_closed_scr
                0x00000000200003c4       0x44 CMakeFiles/D2011_Remote_Firmware.elf.dir/Src/remote_app/screens/screens.c.obj
                0x00000000200003c4                sensitivity_closed_scr
 .data.sensitivity_info_1_scr
                0x0000000020000408       0x44 CMakeFiles/D2011_Remote_Firmware.elf.dir/Src/remote_app/screens/screens.c.obj
                0x0000000020000408                sensitivity_info_1_scr
 .data.sensitivity_open_scr
                0x000000002000044c       0x44 CMakeFiles/D2011_Remote_Firmware.elf.dir/Src/remote_app/screens/screens.c.obj
                0x000000002000044c                sensitivity_open_scr
 .data.splash_scr
                0x0000000020000490       0x44 CMakeFiles/D2011_Remote_Firmware.elf.dir/Src/remote_app/screens/screens.c.obj
                0x0000000020000490                splash_scr
 .data.SystemCoreClock
                0x00000000200004d4        0x4 CMakeFiles/D2011_Remote_Firmware.elf.dir/Src/system_stm32l0xx.c.obj
                0x00000000200004d4                SystemCoreClock
 .data.m_refresh
                0x00000000200004d8        0x1 CMakeFiles/D2011_Remote_Firmware.elf.dir/lib/olm/olm.c.obj
                0x00000000200004d8                m_refresh
 *fill*         0x00000000200004d9        0x3 
 .data.Font_7x10
                0x00000000200004dc        0x8 CMakeFiles/D2011_Remote_Firmware.elf.dir/lib/stm32-ssd1306/ssd1306/ssd1306_fonts.c.obj
                0x00000000200004dc                Font_7x10
 .data._impure_ptr
                0x00000000200004e4        0x4 /usr/local/Cellar/arm-none-eabi-gcc/9-2019-q4-major/gcc/bin/../lib/gcc/arm-none-eabi/9.2.1/../../../../arm-none-eabi/lib/thumb/v6-m/nofp/libc.a(lib_a-impure.o)
                0x00000000200004e4                _impure_ptr
 .data.impure_data
                0x00000000200004e8      0x428 /usr/local/Cellar/arm-none-eabi-gcc/9-2019-q4-major/gcc/bin/../lib/gcc/arm-none-eabi/9.2.1/../../../../arm-none-eabi/lib/thumb/v6-m/nofp/libc.a(lib_a-impure.o)
 .data.__malloc_av_
                0x0000000020000910      0x408 /usr/local/Cellar/arm-none-eabi-gcc/9-2019-q4-major/gcc/bin/../lib/gcc/arm-none-eabi/9.2.1/../../../../arm-none-eabi/lib/thumb/v6-m/nofp/libc.a(lib_a-mallocr.o)
                0x0000000020000910                __malloc_av_
 .data.__malloc_sbrk_base
                0x0000000020000d18        0x4 /usr/local/Cellar/arm-none-eabi-gcc/9-2019-q4-major/gcc/bin/../lib/gcc/arm-none-eabi/9.2.1/../../../../arm-none-eabi/lib/thumb/v6-m/nofp/libc.a(lib_a-mallocr.o)
                0x0000000020000d18                __malloc_sbrk_base
 .data.__malloc_trim_threshold
                0x0000000020000d1c        0x4 /usr/local/Cellar/arm-none-eabi-gcc/9-2019-q4-major/gcc/bin/../lib/gcc/arm-none-eabi/9.2.1/../../../../arm-none-eabi/lib/thumb/v6-m/nofp/libc.a(lib_a-mallocr.o)
                0x0000000020000d1c                __malloc_trim_threshold
 .data.__atexit_recursive_mutex
                0x0000000020000d20        0x4 /usr/local/Cellar/arm-none-eabi-gcc/9-2019-q4-major/gcc/bin/../lib/gcc/arm-none-eabi/9.2.1/../../../../arm-none-eabi/lib/thumb/v6-m/nofp/libc.a(lib_a-__call_atexit.o)
                0x0000000020000d20                __atexit_recursive_mutex
                0x0000000020000d24                . = ALIGN (0x4)
                0x0000000020000d24                _edata = .

.igot.plt       0x0000000020000d24        0x0 load address 0x000000000800620c
 .igot.plt      0x0000000020000d24        0x0 /usr/local/Cellar/arm-none-eabi-gcc/9-2019-q4-major/gcc/bin/../lib/gcc/arm-none-eabi/9.2.1/thumb/v6-m/nofp/crtbegin.o
                0x0000000020000d24                . = ALIGN (0x4)

.bss            0x0000000020000d24      0x55c load address 0x000000000800620c
                0x0000000020000d24                _sbss = .
                0x0000000020000d24                __bss_start__ = _sbss
 *(.bss)
 .bss           0x0000000020000d24       0x1c /usr/local/Cellar/arm-none-eabi-gcc/9-2019-q4-major/gcc/bin/../lib/gcc/arm-none-eabi/9.2.1/thumb/v6-m/nofp/crtbegin.o
 *(.bss*)
 .bss.uwTick    0x0000000020000d40        0x4 CMakeFiles/D2011_Remote_Firmware.elf.dir/Drivers/STM32L0xx_HAL_Driver/Src/stm32l0xx_hal.c.obj
                0x0000000020000d40                uwTick
 .bss.hi2c1     0x0000000020000d44       0x4c CMakeFiles/D2011_Remote_Firmware.elf.dir/Src/i2c.c.obj
                0x0000000020000d44                hi2c1
 .bss.heap_end.6023
                0x0000000020000d90        0x4 CMakeFiles/D2011_Remote_Firmware.elf.dir/Src/syscalls.c.obj
 .bss.huart2    0x0000000020000d94       0x84 CMakeFiles/D2011_Remote_Firmware.elf.dir/Src/usart.c.obj
                0x0000000020000d94                huart2
 .bss.mp_current_screen
                0x0000000020000e18        0x4 CMakeFiles/D2011_Remote_Firmware.elf.dir/lib/olm/olm.c.obj
 .bss.SSD1306   0x0000000020000e1c        0x8 CMakeFiles/D2011_Remote_Firmware.elf.dir/lib/stm32-ssd1306/ssd1306/ssd1306.c.obj
 .bss.SSD1306_Buffer
                0x0000000020000e24      0x400 CMakeFiles/D2011_Remote_Firmware.elf.dir/lib/stm32-ssd1306/ssd1306/ssd1306.c.obj
 .bss.__malloc_current_mallinfo
                0x0000000020001224       0x28 /usr/local/Cellar/arm-none-eabi-gcc/9-2019-q4-major/gcc/bin/../lib/gcc/arm-none-eabi/9.2.1/../../../../arm-none-eabi/lib/thumb/v6-m/nofp/libc.a(lib_a-mallocr.o)
                0x0000000020001224                __malloc_current_mallinfo
 .bss.__malloc_max_sbrked_mem
                0x000000002000124c        0x4 /usr/local/Cellar/arm-none-eabi-gcc/9-2019-q4-major/gcc/bin/../lib/gcc/arm-none-eabi/9.2.1/../../../../arm-none-eabi/lib/thumb/v6-m/nofp/libc.a(lib_a-mallocr.o)
                0x000000002000124c                __malloc_max_sbrked_mem
 .bss.__malloc_max_total_mem
                0x0000000020001250        0x4 /usr/local/Cellar/arm-none-eabi-gcc/9-2019-q4-major/gcc/bin/../lib/gcc/arm-none-eabi/9.2.1/../../../../arm-none-eabi/lib/thumb/v6-m/nofp/libc.a(lib_a-mallocr.o)
                0x0000000020001250                __malloc_max_total_mem
 .bss.__malloc_top_pad
                0x0000000020001254        0x4 /usr/local/Cellar/arm-none-eabi-gcc/9-2019-q4-major/gcc/bin/../lib/gcc/arm-none-eabi/9.2.1/../../../../arm-none-eabi/lib/thumb/v6-m/nofp/libc.a(lib_a-mallocr.o)
                0x0000000020001254                __malloc_top_pad
 *(COMMON)
 COMMON         0x0000000020001258       0x21 /usr/local/Cellar/arm-none-eabi-gcc/9-2019-q4-major/gcc/bin/../lib/gcc/arm-none-eabi/9.2.1/../../../../arm-none-eabi/lib/thumb/v6-m/nofp/libc.a(lib_a-lock.o)
                0x0000000020001258                __lock___atexit_recursive_mutex
                0x000000002000125c                __lock___arc4random_mutex
                0x0000000020001260                __lock___env_recursive_mutex
                0x0000000020001264                __lock___sinit_recursive_mutex
                0x0000000020001268                __lock___malloc_recursive_mutex
                0x000000002000126c                __lock___at_quick_exit_mutex
                0x0000000020001270                __lock___dd_hash_mutex
                0x0000000020001274                __lock___tz_mutex
                0x0000000020001278                __lock___sfp_recursive_mutex
 *fill*         0x0000000020001279        0x3 
 COMMON         0x000000002000127c        0x4 /usr/local/Cellar/arm-none-eabi-gcc/9-2019-q4-major/gcc/bin/../lib/gcc/arm-none-eabi/9.2.1/../../../../arm-none-eabi/lib/thumb/v6-m/nofp/libc.a(lib_a-reent.o)
                0x000000002000127c                errno
                0x0000000020001280                . = ALIGN (0x4)
                0x0000000020001280                _ebss = .
                0x0000000020001280                __bss_end__ = _ebss

._user_heap_stack
                0x0000000020001280      0x600 load address 0x000000000800620c
                0x0000000020001280                . = ALIGN (0x8)
                0x0000000020001280                PROVIDE (end = .)
                [!provide]                        PROVIDE (_end = .)
                0x0000000020001480                . = (. + _Min_Heap_Size)
 *fill*         0x0000000020001280      0x200 
                0x0000000020001880                . = (. + _Min_Stack_Size)
 *fill*         0x0000000020001480      0x400 
                0x0000000020001880                . = ALIGN (0x8)

/DISCARD/
 libc.a(*)
 libm.a(*)
 libgcc.a(*)

.ARM.attributes
                0x0000000000000000       0x28
 *(.ARM.attributes)
 .ARM.attributes
                0x0000000000000000       0x1e /usr/local/Cellar/arm-none-eabi-gcc/9-2019-q4-major/gcc/bin/../lib/gcc/arm-none-eabi/9.2.1/thumb/v6-m/nofp/crti.o
 .ARM.attributes
                0x000000000000001e       0x2c /usr/local/Cellar/arm-none-eabi-gcc/9-2019-q4-major/gcc/bin/../lib/gcc/arm-none-eabi/9.2.1/thumb/v6-m/nofp/crtbegin.o
 .ARM.attributes
                0x000000000000004a       0x2c CMakeFiles/D2011_Remote_Firmware.elf.dir/Drivers/STM32L0xx_HAL_Driver/Src/stm32l0xx_hal.c.obj
 .ARM.attributes
                0x0000000000000076       0x2c CMakeFiles/D2011_Remote_Firmware.elf.dir/Drivers/STM32L0xx_HAL_Driver/Src/stm32l0xx_hal_cortex.c.obj
 .ARM.attributes
                0x00000000000000a2       0x2c CMakeFiles/D2011_Remote_Firmware.elf.dir/Drivers/STM32L0xx_HAL_Driver/Src/stm32l0xx_hal_gpio.c.obj
 .ARM.attributes
                0x00000000000000ce       0x2c CMakeFiles/D2011_Remote_Firmware.elf.dir/Drivers/STM32L0xx_HAL_Driver/Src/stm32l0xx_hal_i2c.c.obj
 .ARM.attributes
                0x00000000000000fa       0x2c CMakeFiles/D2011_Remote_Firmware.elf.dir/Drivers/STM32L0xx_HAL_Driver/Src/stm32l0xx_hal_i2c_ex.c.obj
 .ARM.attributes
                0x0000000000000126       0x2c CMakeFiles/D2011_Remote_Firmware.elf.dir/Drivers/STM32L0xx_HAL_Driver/Src/stm32l0xx_hal_rcc.c.obj
 .ARM.attributes
                0x0000000000000152       0x2c CMakeFiles/D2011_Remote_Firmware.elf.dir/Drivers/STM32L0xx_HAL_Driver/Src/stm32l0xx_hal_rcc_ex.c.obj
 .ARM.attributes
                0x000000000000017e       0x2c CMakeFiles/D2011_Remote_Firmware.elf.dir/Drivers/STM32L0xx_HAL_Driver/Src/stm32l0xx_hal_uart.c.obj
 .ARM.attributes
                0x00000000000001aa       0x2c CMakeFiles/D2011_Remote_Firmware.elf.dir/Src/gpio.c.obj
 .ARM.attributes
                0x00000000000001d6       0x2c CMakeFiles/D2011_Remote_Firmware.elf.dir/Src/i2c.c.obj
 .ARM.attributes
                0x0000000000000202       0x2c CMakeFiles/D2011_Remote_Firmware.elf.dir/Src/main.c.obj
 .ARM.attributes
                0x000000000000022e       0x2c CMakeFiles/D2011_Remote_Firmware.elf.dir/Src/remote_app/comm.c.obj
 .ARM.attributes
                0x000000000000025a       0x2c CMakeFiles/D2011_Remote_Firmware.elf.dir/Src/remote_app/layouts.c.obj
 .ARM.attributes
                0x0000000000000286       0x2c CMakeFiles/D2011_Remote_Firmware.elf.dir/Src/remote_app/remote_app.c.obj
 .ARM.attributes
                0x00000000000002b2       0x2c CMakeFiles/D2011_Remote_Firmware.elf.dir/Src/remote_app/screens/calibration.c.obj
 .ARM.attributes
                0x00000000000002de       0x2c CMakeFiles/D2011_Remote_Firmware.elf.dir/Src/remote_app/screens/information.c.obj
 .ARM.attributes
                0x000000000000030a       0x2c CMakeFiles/D2011_Remote_Firmware.elf.dir/Src/remote_app/screens/leveling.c.obj
 .ARM.attributes
                0x0000000000000336       0x2c CMakeFiles/D2011_Remote_Firmware.elf.dir/Src/remote_app/screens/op_mode.c.obj
 .ARM.attributes
                0x0000000000000362       0x31 CMakeFiles/D2011_Remote_Firmware.elf.dir/Src/remote_app/screens/screens.c.obj
 .ARM.attributes
                0x0000000000000393       0x2c CMakeFiles/D2011_Remote_Firmware.elf.dir/Src/remote_app/screens/sensitivity.c.obj
 .ARM.attributes
                0x00000000000003bf       0x2c CMakeFiles/D2011_Remote_Firmware.elf.dir/Src/stm32l0xx_hal_msp.c.obj
 .ARM.attributes
                0x00000000000003eb       0x2c CMakeFiles/D2011_Remote_Firmware.elf.dir/Src/stm32l0xx_it.c.obj
 .ARM.attributes
                0x0000000000000417       0x2c CMakeFiles/D2011_Remote_Firmware.elf.dir/Src/syscalls.c.obj
 .ARM.attributes
                0x0000000000000443       0x2c CMakeFiles/D2011_Remote_Firmware.elf.dir/Src/system_stm32l0xx.c.obj
 .ARM.attributes
                0x000000000000046f       0x2c CMakeFiles/D2011_Remote_Firmware.elf.dir/Src/usart.c.obj
 .ARM.attributes
                0x000000000000049b       0x2c CMakeFiles/D2011_Remote_Firmware.elf.dir/lib/olm/olm.c.obj
 .ARM.attributes
                0x00000000000004c7       0x2c CMakeFiles/D2011_Remote_Firmware.elf.dir/lib/stm32-ssd1306/ssd1306/ssd1306.c.obj
 .ARM.attributes
                0x00000000000004f3       0x31 CMakeFiles/D2011_Remote_Firmware.elf.dir/lib/stm32-ssd1306/ssd1306/ssd1306_fonts.c.obj
 .ARM.attributes
                0x0000000000000524       0x22 CMakeFiles/D2011_Remote_Firmware.elf.dir/startup/startup_stm32l031xx.s.obj
 .ARM.attributes
                0x0000000000000546       0x1e /usr/local/Cellar/arm-none-eabi-gcc/9-2019-q4-major/gcc/bin/../lib/gcc/arm-none-eabi/9.2.1/thumb/v6-m/nofp/libgcc.a(_udivsi3.o)
 .ARM.attributes
                0x0000000000000564       0x1e /usr/local/Cellar/arm-none-eabi-gcc/9-2019-q4-major/gcc/bin/../lib/gcc/arm-none-eabi/9.2.1/thumb/v6-m/nofp/libgcc.a(_divsi3.o)
 .ARM.attributes
                0x0000000000000582       0x1e /usr/local/Cellar/arm-none-eabi-gcc/9-2019-q4-major/gcc/bin/../lib/gcc/arm-none-eabi/9.2.1/thumb/v6-m/nofp/libgcc.a(_dvmd_tls.o)
 .ARM.attributes
                0x00000000000005a0       0x1e /usr/local/Cellar/arm-none-eabi-gcc/9-2019-q4-major/gcc/bin/../lib/gcc/arm-none-eabi/9.2.1/thumb/v6-m/nofp/libgcc.a(_aeabi_uldivmod.o)
 .ARM.attributes
                0x00000000000005be       0x2c /usr/local/Cellar/arm-none-eabi-gcc/9-2019-q4-major/gcc/bin/../lib/gcc/arm-none-eabi/9.2.1/thumb/v6-m/nofp/libgcc.a(_muldi3.o)
 .ARM.attributes
                0x00000000000005ea       0x2c /usr/local/Cellar/arm-none-eabi-gcc/9-2019-q4-major/gcc/bin/../lib/gcc/arm-none-eabi/9.2.1/thumb/v6-m/nofp/libgcc.a(_udivmoddi4.o)
 .ARM.attributes
                0x0000000000000616       0x1e /usr/local/Cellar/arm-none-eabi-gcc/9-2019-q4-major/gcc/bin/../lib/gcc/arm-none-eabi/9.2.1/thumb/v6-m/nofp/libgcc.a(_clzsi2.o)
 .ARM.attributes
                0x0000000000000634       0x1e /usr/local/Cellar/arm-none-eabi-gcc/9-2019-q4-major/gcc/bin/../lib/gcc/arm-none-eabi/9.2.1/thumb/v6-m/nofp/libgcc.a(_clzdi2.o)
 .ARM.attributes
                0x0000000000000652       0x2c /usr/local/Cellar/arm-none-eabi-gcc/9-2019-q4-major/gcc/bin/../lib/gcc/arm-none-eabi/9.2.1/../../../../arm-none-eabi/lib/thumb/v6-m/nofp/libc.a(lib_a-errno.o)
 .ARM.attributes
                0x000000000000067e       0x2c /usr/local/Cellar/arm-none-eabi-gcc/9-2019-q4-major/gcc/bin/../lib/gcc/arm-none-eabi/9.2.1/../../../../arm-none-eabi/lib/thumb/v6-m/nofp/libc.a(lib_a-impure.o)
 .ARM.attributes
                0x00000000000006aa       0x2c /usr/local/Cellar/arm-none-eabi-gcc/9-2019-q4-major/gcc/bin/../lib/gcc/arm-none-eabi/9.2.1/../../../../arm-none-eabi/lib/thumb/v6-m/nofp/libc.a(lib_a-init.o)
 .ARM.attributes
                0x00000000000006d6       0x2c /usr/local/Cellar/arm-none-eabi-gcc/9-2019-q4-major/gcc/bin/../lib/gcc/arm-none-eabi/9.2.1/../../../../arm-none-eabi/lib/thumb/v6-m/nofp/libc.a(lib_a-malloc.o)
 .ARM.attributes
                0x0000000000000702       0x2c /usr/local/Cellar/arm-none-eabi-gcc/9-2019-q4-major/gcc/bin/../lib/gcc/arm-none-eabi/9.2.1/../../../../arm-none-eabi/lib/thumb/v6-m/nofp/libc.a(lib_a-mallocr.o)
 .ARM.attributes
                0x000000000000072e       0x2c /usr/local/Cellar/arm-none-eabi-gcc/9-2019-q4-major/gcc/bin/../lib/gcc/arm-none-eabi/9.2.1/../../../../arm-none-eabi/lib/thumb/v6-m/nofp/libc.a(lib_a-memcpy-stub.o)
 .ARM.attributes
                0x000000000000075a       0x2c /usr/local/Cellar/arm-none-eabi-gcc/9-2019-q4-major/gcc/bin/../lib/gcc/arm-none-eabi/9.2.1/../../../../arm-none-eabi/lib/thumb/v6-m/nofp/libc.a(lib_a-memset.o)
 .ARM.attributes
                0x0000000000000786       0x2c /usr/local/Cellar/arm-none-eabi-gcc/9-2019-q4-major/gcc/bin/../lib/gcc/arm-none-eabi/9.2.1/../../../../arm-none-eabi/lib/thumb/v6-m/nofp/libc.a(lib_a-mlock.o)
 .ARM.attributes
                0x00000000000007b2       0x2c /usr/local/Cellar/arm-none-eabi-gcc/9-2019-q4-major/gcc/bin/../lib/gcc/arm-none-eabi/9.2.1/../../../../arm-none-eabi/lib/thumb/v6-m/nofp/libc.a(lib_a-sbrkr.o)
 .ARM.attributes
                0x00000000000007de       0x2c /usr/local/Cellar/arm-none-eabi-gcc/9-2019-q4-major/gcc/bin/../lib/gcc/arm-none-eabi/9.2.1/../../../../arm-none-eabi/lib/thumb/v6-m/nofp/libc.a(lib_a-strcat.o)
 .ARM.attributes
                0x000000000000080a       0x2c /usr/local/Cellar/arm-none-eabi-gcc/9-2019-q4-major/gcc/bin/../lib/gcc/arm-none-eabi/9.2.1/../../../../arm-none-eabi/lib/thumb/v6-m/nofp/libc.a(lib_a-strcpy.o)
 .ARM.attributes
                0x0000000000000836       0x2c /usr/local/Cellar/arm-none-eabi-gcc/9-2019-q4-major/gcc/bin/../lib/gcc/arm-none-eabi/9.2.1/../../../../arm-none-eabi/lib/thumb/v6-m/nofp/libc.a(lib_a-strlen-stub.o)
 .ARM.attributes
                0x0000000000000862       0x2c /usr/local/Cellar/arm-none-eabi-gcc/9-2019-q4-major/gcc/bin/../lib/gcc/arm-none-eabi/9.2.1/../../../../arm-none-eabi/lib/thumb/v6-m/nofp/libc.a(lib_a-strncmp.o)
 .ARM.attributes
                0x000000000000088e       0x2c /usr/local/Cellar/arm-none-eabi-gcc/9-2019-q4-major/gcc/bin/../lib/gcc/arm-none-eabi/9.2.1/../../../../arm-none-eabi/lib/thumb/v6-m/nofp/libc.a(lib_a-strncpy.o)
 .ARM.attributes
                0x00000000000008ba       0x2c /usr/local/Cellar/arm-none-eabi-gcc/9-2019-q4-major/gcc/bin/../lib/gcc/arm-none-eabi/9.2.1/../../../../arm-none-eabi/lib/thumb/v6-m/nofp/libc.a(lib_a-strstr.o)
 .ARM.attributes
                0x00000000000008e6       0x2c /usr/local/Cellar/arm-none-eabi-gcc/9-2019-q4-major/gcc/bin/../lib/gcc/arm-none-eabi/9.2.1/../../../../arm-none-eabi/lib/thumb/v6-m/nofp/libc.a(lib_a-__call_atexit.o)
 .ARM.attributes
                0x0000000000000912       0x2c /usr/local/Cellar/arm-none-eabi-gcc/9-2019-q4-major/gcc/bin/../lib/gcc/arm-none-eabi/9.2.1/../../../../arm-none-eabi/lib/thumb/v6-m/nofp/libc.a(lib_a-atexit.o)
 .ARM.attributes
                0x000000000000093e       0x2c /usr/local/Cellar/arm-none-eabi-gcc/9-2019-q4-major/gcc/bin/../lib/gcc/arm-none-eabi/9.2.1/../../../../arm-none-eabi/lib/thumb/v6-m/nofp/libc.a(lib_a-fini.o)
 .ARM.attributes
                0x000000000000096a       0x2c /usr/local/Cellar/arm-none-eabi-gcc/9-2019-q4-major/gcc/bin/../lib/gcc/arm-none-eabi/9.2.1/../../../../arm-none-eabi/lib/thumb/v6-m/nofp/libc.a(lib_a-freer.o)
 .ARM.attributes
                0x0000000000000996       0x2c /usr/local/Cellar/arm-none-eabi-gcc/9-2019-q4-major/gcc/bin/../lib/gcc/arm-none-eabi/9.2.1/../../../../arm-none-eabi/lib/thumb/v6-m/nofp/libc.a(lib_a-lock.o)
 .ARM.attributes
                0x00000000000009c2       0x2c /usr/local/Cellar/arm-none-eabi-gcc/9-2019-q4-major/gcc/bin/../lib/gcc/arm-none-eabi/9.2.1/../../../../arm-none-eabi/lib/thumb/v6-m/nofp/libc.a(lib_a-memcmp.o)
 .ARM.attributes
                0x00000000000009ee       0x2c /usr/local/Cellar/arm-none-eabi-gcc/9-2019-q4-major/gcc/bin/../lib/gcc/arm-none-eabi/9.2.1/../../../../arm-none-eabi/lib/thumb/v6-m/nofp/libc.a(lib_a-reent.o)
 .ARM.attributes
                0x0000000000000a1a       0x2c /usr/local/Cellar/arm-none-eabi-gcc/9-2019-q4-major/gcc/bin/../lib/gcc/arm-none-eabi/9.2.1/../../../../arm-none-eabi/lib/thumb/v6-m/nofp/libc.a(lib_a-strchr.o)
 .ARM.attributes
                0x0000000000000a46       0x2c /usr/local/Cellar/arm-none-eabi-gcc/9-2019-q4-major/gcc/bin/../lib/gcc/arm-none-eabi/9.2.1/../../../../arm-none-eabi/lib/thumb/v6-m/nofp/libc.a(lib_a-strnlen.o)
 .ARM.attributes
                0x0000000000000a72       0x2c /usr/local/Cellar/arm-none-eabi-gcc/9-2019-q4-major/gcc/bin/../lib/gcc/arm-none-eabi/9.2.1/../../../../arm-none-eabi/lib/thumb/v6-m/nofp/libc.a(lib_a-__atexit.o)
 .ARM.attributes
                0x0000000000000a9e       0x1e /usr/local/Cellar/arm-none-eabi-gcc/9-2019-q4-major/gcc/bin/../lib/gcc/arm-none-eabi/9.2.1/thumb/v6-m/nofp/crtn.o
OUTPUT(D2011_Remote_Firmware.elf elf32-littlearm)

.debug_info     0x0000000000000000    0x18074
 .debug_info    0x0000000000000000      0x951 CMakeFiles/D2011_Remote_Firmware.elf.dir/Drivers/STM32L0xx_HAL_Driver/Src/stm32l0xx_hal.c.obj
 .debug_info    0x0000000000000951      0x8ff CMakeFiles/D2011_Remote_Firmware.elf.dir/Drivers/STM32L0xx_HAL_Driver/Src/stm32l0xx_hal_cortex.c.obj
 .debug_info    0x0000000000001250      0x7c3 CMakeFiles/D2011_Remote_Firmware.elf.dir/Drivers/STM32L0xx_HAL_Driver/Src/stm32l0xx_hal_gpio.c.obj
 .debug_info    0x0000000000001a13     0x404a CMakeFiles/D2011_Remote_Firmware.elf.dir/Drivers/STM32L0xx_HAL_Driver/Src/stm32l0xx_hal_i2c.c.obj
 .debug_info    0x0000000000005a5d      0x9de CMakeFiles/D2011_Remote_Firmware.elf.dir/Drivers/STM32L0xx_HAL_Driver/Src/stm32l0xx_hal_i2c_ex.c.obj
 .debug_info    0x000000000000643b      0xc98 CMakeFiles/D2011_Remote_Firmware.elf.dir/Drivers/STM32L0xx_HAL_Driver/Src/stm32l0xx_hal_rcc.c.obj
 .debug_info    0x00000000000070d3      0x627 CMakeFiles/D2011_Remote_Firmware.elf.dir/Drivers/STM32L0xx_HAL_Driver/Src/stm32l0xx_hal_rcc_ex.c.obj
 .debug_info    0x00000000000076fa     0x20c9 CMakeFiles/D2011_Remote_Firmware.elf.dir/Drivers/STM32L0xx_HAL_Driver/Src/stm32l0xx_hal_uart.c.obj
 .debug_info    0x00000000000097c3      0x4b1 CMakeFiles/D2011_Remote_Firmware.elf.dir/Src/gpio.c.obj
 .debug_info    0x0000000000009c74      0xb02 CMakeFiles/D2011_Remote_Firmware.elf.dir/Src/i2c.c.obj
 .debug_info    0x000000000000a776      0xf89 CMakeFiles/D2011_Remote_Firmware.elf.dir/Src/main.c.obj
 .debug_info    0x000000000000b6ff     0x1565 CMakeFiles/D2011_Remote_Firmware.elf.dir/Src/remote_app/comm.c.obj
 .debug_info    0x000000000000cc64     0x243f CMakeFiles/D2011_Remote_Firmware.elf.dir/Src/remote_app/layouts.c.obj
 .debug_info    0x000000000000f0a3     0x1518 CMakeFiles/D2011_Remote_Firmware.elf.dir/Src/remote_app/remote_app.c.obj
 .debug_info    0x00000000000105bb       0xd6 CMakeFiles/D2011_Remote_Firmware.elf.dir/Src/remote_app/screens/calibration.c.obj
 .debug_info    0x0000000000010691      0x51d CMakeFiles/D2011_Remote_Firmware.elf.dir/Src/remote_app/screens/information.c.obj
 .debug_info    0x0000000000010bae      0x5c4 CMakeFiles/D2011_Remote_Firmware.elf.dir/Src/remote_app/screens/leveling.c.obj
 .debug_info    0x0000000000011172      0x629 CMakeFiles/D2011_Remote_Firmware.elf.dir/Src/remote_app/screens/op_mode.c.obj
 .debug_info    0x000000000001179b      0x516 CMakeFiles/D2011_Remote_Firmware.elf.dir/Src/remote_app/screens/screens.c.obj
 .debug_info    0x0000000000011cb1      0x5a5 CMakeFiles/D2011_Remote_Firmware.elf.dir/Src/remote_app/screens/sensitivity.c.obj
 .debug_info    0x0000000000012256      0x2c5 CMakeFiles/D2011_Remote_Firmware.elf.dir/Src/stm32l0xx_hal_msp.c.obj
 .debug_info    0x000000000001251b      0x247 CMakeFiles/D2011_Remote_Firmware.elf.dir/Src/stm32l0xx_it.c.obj
 .debug_info    0x0000000000012762     0x112a CMakeFiles/D2011_Remote_Firmware.elf.dir/Src/syscalls.c.obj
 .debug_info    0x000000000001388c      0x378 CMakeFiles/D2011_Remote_Firmware.elf.dir/Src/system_stm32l0xx.c.obj
 .debug_info    0x0000000000013c04      0xabf CMakeFiles/D2011_Remote_Firmware.elf.dir/Src/usart.c.obj
 .debug_info    0x00000000000146c3     0x197c CMakeFiles/D2011_Remote_Firmware.elf.dir/lib/olm/olm.c.obj
 .debug_info    0x000000000001603f     0x1eef CMakeFiles/D2011_Remote_Firmware.elf.dir/lib/stm32-ssd1306/ssd1306/ssd1306.c.obj
 .debug_info    0x0000000000017f2e      0x124 CMakeFiles/D2011_Remote_Firmware.elf.dir/lib/stm32-ssd1306/ssd1306/ssd1306_fonts.c.obj
 .debug_info    0x0000000000018052       0x22 CMakeFiles/D2011_Remote_Firmware.elf.dir/startup/startup_stm32l031xx.s.obj

.debug_abbrev   0x0000000000000000     0x3bb3
 .debug_abbrev  0x0000000000000000      0x28d CMakeFiles/D2011_Remote_Firmware.elf.dir/Drivers/STM32L0xx_HAL_Driver/Src/stm32l0xx_hal.c.obj
 .debug_abbrev  0x000000000000028d      0x287 CMakeFiles/D2011_Remote_Firmware.elf.dir/Drivers/STM32L0xx_HAL_Driver/Src/stm32l0xx_hal_cortex.c.obj
 .debug_abbrev  0x0000000000000514      0x202 CMakeFiles/D2011_Remote_Firmware.elf.dir/Drivers/STM32L0xx_HAL_Driver/Src/stm32l0xx_hal_gpio.c.obj
 .debug_abbrev  0x0000000000000716      0x2a2 CMakeFiles/D2011_Remote_Firmware.elf.dir/Drivers/STM32L0xx_HAL_Driver/Src/stm32l0xx_hal_i2c.c.obj
 .debug_abbrev  0x00000000000009b8      0x1d7 CMakeFiles/D2011_Remote_Firmware.elf.dir/Drivers/STM32L0xx_HAL_Driver/Src/stm32l0xx_hal_i2c_ex.c.obj
 .debug_abbrev  0x0000000000000b8f      0x2af CMakeFiles/D2011_Remote_Firmware.elf.dir/Drivers/STM32L0xx_HAL_Driver/Src/stm32l0xx_hal_rcc.c.obj
 .debug_abbrev  0x0000000000000e3e      0x20f CMakeFiles/D2011_Remote_Firmware.elf.dir/Drivers/STM32L0xx_HAL_Driver/Src/stm32l0xx_hal_rcc_ex.c.obj
 .debug_abbrev  0x000000000000104d      0x28c CMakeFiles/D2011_Remote_Firmware.elf.dir/Drivers/STM32L0xx_HAL_Driver/Src/stm32l0xx_hal_uart.c.obj
 .debug_abbrev  0x00000000000012d9      0x18c CMakeFiles/D2011_Remote_Firmware.elf.dir/Src/gpio.c.obj
 .debug_abbrev  0x0000000000001465      0x209 CMakeFiles/D2011_Remote_Firmware.elf.dir/Src/i2c.c.obj
 .debug_abbrev  0x000000000000166e      0x287 CMakeFiles/D2011_Remote_Firmware.elf.dir/Src/main.c.obj
 .debug_abbrev  0x00000000000018f5      0x330 CMakeFiles/D2011_Remote_Firmware.elf.dir/Src/remote_app/comm.c.obj
 .debug_abbrev  0x0000000000001c25      0x413 CMakeFiles/D2011_Remote_Firmware.elf.dir/Src/remote_app/layouts.c.obj
 .debug_abbrev  0x0000000000002038      0x292 CMakeFiles/D2011_Remote_Firmware.elf.dir/Src/remote_app/remote_app.c.obj
 .debug_abbrev  0x00000000000022ca       0x8d CMakeFiles/D2011_Remote_Firmware.elf.dir/Src/remote_app/screens/calibration.c.obj
 .debug_abbrev  0x0000000000002357      0x1b7 CMakeFiles/D2011_Remote_Firmware.elf.dir/Src/remote_app/screens/information.c.obj
 .debug_abbrev  0x000000000000250e      0x18e CMakeFiles/D2011_Remote_Firmware.elf.dir/Src/remote_app/screens/leveling.c.obj
 .debug_abbrev  0x000000000000269c      0x18e CMakeFiles/D2011_Remote_Firmware.elf.dir/Src/remote_app/screens/op_mode.c.obj
 .debug_abbrev  0x000000000000282a      0x10b CMakeFiles/D2011_Remote_Firmware.elf.dir/Src/remote_app/screens/screens.c.obj
 .debug_abbrev  0x0000000000002935      0x198 CMakeFiles/D2011_Remote_Firmware.elf.dir/Src/remote_app/screens/sensitivity.c.obj
 .debug_abbrev  0x0000000000002acd       0xf5 CMakeFiles/D2011_Remote_Firmware.elf.dir/Src/stm32l0xx_hal_msp.c.obj
 .debug_abbrev  0x0000000000002bc2      0x113 CMakeFiles/D2011_Remote_Firmware.elf.dir/Src/stm32l0xx_it.c.obj
 .debug_abbrev  0x0000000000002cd5      0x31e CMakeFiles/D2011_Remote_Firmware.elf.dir/Src/syscalls.c.obj
 .debug_abbrev  0x0000000000002ff3      0x148 CMakeFiles/D2011_Remote_Firmware.elf.dir/Src/system_stm32l0xx.c.obj
 .debug_abbrev  0x000000000000313b      0x1fe CMakeFiles/D2011_Remote_Firmware.elf.dir/Src/usart.c.obj
 .debug_abbrev  0x0000000000003339      0x362 CMakeFiles/D2011_Remote_Firmware.elf.dir/lib/olm/olm.c.obj
 .debug_abbrev  0x000000000000369b      0x45c CMakeFiles/D2011_Remote_Firmware.elf.dir/lib/stm32-ssd1306/ssd1306/ssd1306.c.obj
 .debug_abbrev  0x0000000000003af7       0xaa CMakeFiles/D2011_Remote_Firmware.elf.dir/lib/stm32-ssd1306/ssd1306/ssd1306_fonts.c.obj
 .debug_abbrev  0x0000000000003ba1       0x12 CMakeFiles/D2011_Remote_Firmware.elf.dir/startup/startup_stm32l031xx.s.obj

.debug_loc      0x0000000000000000     0xaa80
 .debug_loc     0x0000000000000000      0x172 CMakeFiles/D2011_Remote_Firmware.elf.dir/Drivers/STM32L0xx_HAL_Driver/Src/stm32l0xx_hal.c.obj
 .debug_loc     0x0000000000000172      0x433 CMakeFiles/D2011_Remote_Firmware.elf.dir/Drivers/STM32L0xx_HAL_Driver/Src/stm32l0xx_hal_cortex.c.obj
 .debug_loc     0x00000000000005a5      0x3b3 CMakeFiles/D2011_Remote_Firmware.elf.dir/Drivers/STM32L0xx_HAL_Driver/Src/stm32l0xx_hal_gpio.c.obj
 .debug_loc     0x0000000000000958     0x49c2 CMakeFiles/D2011_Remote_Firmware.elf.dir/Drivers/STM32L0xx_HAL_Driver/Src/stm32l0xx_hal_i2c.c.obj
 .debug_loc     0x000000000000531a      0x210 CMakeFiles/D2011_Remote_Firmware.elf.dir/Drivers/STM32L0xx_HAL_Driver/Src/stm32l0xx_hal_i2c_ex.c.obj
 .debug_loc     0x000000000000552a      0x718 CMakeFiles/D2011_Remote_Firmware.elf.dir/Drivers/STM32L0xx_HAL_Driver/Src/stm32l0xx_hal_rcc.c.obj
 .debug_loc     0x0000000000005c42      0x532 CMakeFiles/D2011_Remote_Firmware.elf.dir/Drivers/STM32L0xx_HAL_Driver/Src/stm32l0xx_hal_rcc_ex.c.obj
 .debug_loc     0x0000000000006174     0x2084 CMakeFiles/D2011_Remote_Firmware.elf.dir/Drivers/STM32L0xx_HAL_Driver/Src/stm32l0xx_hal_uart.c.obj
 .debug_loc     0x00000000000081f8       0x91 CMakeFiles/D2011_Remote_Firmware.elf.dir/Src/i2c.c.obj
 .debug_loc     0x0000000000008289       0x52 CMakeFiles/D2011_Remote_Firmware.elf.dir/Src/main.c.obj
 .debug_loc     0x00000000000082db      0x530 CMakeFiles/D2011_Remote_Firmware.elf.dir/Src/remote_app/comm.c.obj
 .debug_loc     0x000000000000880b      0x731 CMakeFiles/D2011_Remote_Firmware.elf.dir/Src/remote_app/layouts.c.obj
 .debug_loc     0x0000000000008f3c       0x7c CMakeFiles/D2011_Remote_Firmware.elf.dir/Src/remote_app/remote_app.c.obj
 .debug_loc     0x0000000000008fb8       0x25 CMakeFiles/D2011_Remote_Firmware.elf.dir/Src/remote_app/screens/calibration.c.obj
 .debug_loc     0x0000000000008fdd       0x9d CMakeFiles/D2011_Remote_Firmware.elf.dir/Src/remote_app/screens/information.c.obj
 .debug_loc     0x000000000000907a       0xb7 CMakeFiles/D2011_Remote_Firmware.elf.dir/Src/remote_app/screens/leveling.c.obj
 .debug_loc     0x0000000000009131      0x1b5 CMakeFiles/D2011_Remote_Firmware.elf.dir/Src/remote_app/screens/op_mode.c.obj
 .debug_loc     0x00000000000092e6      0x146 CMakeFiles/D2011_Remote_Firmware.elf.dir/Src/remote_app/screens/sensitivity.c.obj
 .debug_loc     0x000000000000942c      0x441 CMakeFiles/D2011_Remote_Firmware.elf.dir/Src/syscalls.c.obj
 .debug_loc     0x000000000000986d      0x1ef CMakeFiles/D2011_Remote_Firmware.elf.dir/Src/system_stm32l0xx.c.obj
 .debug_loc     0x0000000000009a5c       0x81 CMakeFiles/D2011_Remote_Firmware.elf.dir/Src/usart.c.obj
 .debug_loc     0x0000000000009add      0x3ca CMakeFiles/D2011_Remote_Firmware.elf.dir/lib/olm/olm.c.obj
 .debug_loc     0x0000000000009ea7      0xbd9 CMakeFiles/D2011_Remote_Firmware.elf.dir/lib/stm32-ssd1306/ssd1306/ssd1306.c.obj

.debug_aranges  0x0000000000000000      0xce8
 .debug_aranges
                0x0000000000000000      0x110 CMakeFiles/D2011_Remote_Firmware.elf.dir/Drivers/STM32L0xx_HAL_Driver/Src/stm32l0xx_hal.c.obj
 .debug_aranges
                0x0000000000000110       0x78 CMakeFiles/D2011_Remote_Firmware.elf.dir/Drivers/STM32L0xx_HAL_Driver/Src/stm32l0xx_hal_cortex.c.obj
 .debug_aranges
                0x0000000000000188       0x58 CMakeFiles/D2011_Remote_Firmware.elf.dir/Drivers/STM32L0xx_HAL_Driver/Src/stm32l0xx_hal_gpio.c.obj
 .debug_aranges
                0x00000000000001e0      0x290 CMakeFiles/D2011_Remote_Firmware.elf.dir/Drivers/STM32L0xx_HAL_Driver/Src/stm32l0xx_hal_i2c.c.obj
 .debug_aranges
                0x0000000000000470       0x48 CMakeFiles/D2011_Remote_Firmware.elf.dir/Drivers/STM32L0xx_HAL_Driver/Src/stm32l0xx_hal_i2c_ex.c.obj
 .debug_aranges
                0x00000000000004b8       0x80 CMakeFiles/D2011_Remote_Firmware.elf.dir/Drivers/STM32L0xx_HAL_Driver/Src/stm32l0xx_hal_rcc.c.obj
 .debug_aranges
                0x0000000000000538       0x58 CMakeFiles/D2011_Remote_Firmware.elf.dir/Drivers/STM32L0xx_HAL_Driver/Src/stm32l0xx_hal_rcc_ex.c.obj
 .debug_aranges
                0x0000000000000590      0x228 CMakeFiles/D2011_Remote_Firmware.elf.dir/Drivers/STM32L0xx_HAL_Driver/Src/stm32l0xx_hal_uart.c.obj
 .debug_aranges
                0x00000000000007b8       0x20 CMakeFiles/D2011_Remote_Firmware.elf.dir/Src/gpio.c.obj
 .debug_aranges
                0x00000000000007d8       0x30 CMakeFiles/D2011_Remote_Firmware.elf.dir/Src/i2c.c.obj
 .debug_aranges
                0x0000000000000808       0x40 CMakeFiles/D2011_Remote_Firmware.elf.dir/Src/main.c.obj
 .debug_aranges
                0x0000000000000848       0x40 CMakeFiles/D2011_Remote_Firmware.elf.dir/Src/remote_app/comm.c.obj
 .debug_aranges
                0x0000000000000888       0x50 CMakeFiles/D2011_Remote_Firmware.elf.dir/Src/remote_app/layouts.c.obj
 .debug_aranges
                0x00000000000008d8       0x30 CMakeFiles/D2011_Remote_Firmware.elf.dir/Src/remote_app/remote_app.c.obj
 .debug_aranges
                0x0000000000000908       0x20 CMakeFiles/D2011_Remote_Firmware.elf.dir/Src/remote_app/screens/calibration.c.obj
 .debug_aranges
                0x0000000000000928       0x28 CMakeFiles/D2011_Remote_Firmware.elf.dir/Src/remote_app/screens/information.c.obj
 .debug_aranges
                0x0000000000000950       0x38 CMakeFiles/D2011_Remote_Firmware.elf.dir/Src/remote_app/screens/leveling.c.obj
 .debug_aranges
                0x0000000000000988       0x20 CMakeFiles/D2011_Remote_Firmware.elf.dir/Src/remote_app/screens/op_mode.c.obj
 .debug_aranges
                0x00000000000009a8       0x18 CMakeFiles/D2011_Remote_Firmware.elf.dir/Src/remote_app/screens/screens.c.obj
 .debug_aranges
                0x00000000000009c0       0x30 CMakeFiles/D2011_Remote_Firmware.elf.dir/Src/remote_app/screens/sensitivity.c.obj
 .debug_aranges
                0x00000000000009f0       0x20 CMakeFiles/D2011_Remote_Firmware.elf.dir/Src/stm32l0xx_hal_msp.c.obj
 .debug_aranges
                0x0000000000000a10       0x48 CMakeFiles/D2011_Remote_Firmware.elf.dir/Src/stm32l0xx_it.c.obj
 .debug_aranges
                0x0000000000000a58       0xb0 CMakeFiles/D2011_Remote_Firmware.elf.dir/Src/syscalls.c.obj
 .debug_aranges
                0x0000000000000b08       0x28 CMakeFiles/D2011_Remote_Firmware.elf.dir/Src/system_stm32l0xx.c.obj
 .debug_aranges
                0x0000000000000b30       0x30 CMakeFiles/D2011_Remote_Firmware.elf.dir/Src/usart.c.obj
 .debug_aranges
                0x0000000000000b60       0x88 CMakeFiles/D2011_Remote_Firmware.elf.dir/lib/olm/olm.c.obj
 .debug_aranges
                0x0000000000000be8       0xc0 CMakeFiles/D2011_Remote_Firmware.elf.dir/lib/stm32-ssd1306/ssd1306/ssd1306.c.obj
 .debug_aranges
                0x0000000000000ca8       0x18 CMakeFiles/D2011_Remote_Firmware.elf.dir/lib/stm32-ssd1306/ssd1306/ssd1306_fonts.c.obj
 .debug_aranges
                0x0000000000000cc0       0x28 CMakeFiles/D2011_Remote_Firmware.elf.dir/startup/startup_stm32l031xx.s.obj

.debug_ranges   0x0000000000000000      0xc18
 .debug_ranges  0x0000000000000000      0x100 CMakeFiles/D2011_Remote_Firmware.elf.dir/Drivers/STM32L0xx_HAL_Driver/Src/stm32l0xx_hal.c.obj
 .debug_ranges  0x0000000000000100       0xc8 CMakeFiles/D2011_Remote_Firmware.elf.dir/Drivers/STM32L0xx_HAL_Driver/Src/stm32l0xx_hal_cortex.c.obj
 .debug_ranges  0x00000000000001c8       0x48 CMakeFiles/D2011_Remote_Firmware.elf.dir/Drivers/STM32L0xx_HAL_Driver/Src/stm32l0xx_hal_gpio.c.obj
 .debug_ranges  0x0000000000000210      0x280 CMakeFiles/D2011_Remote_Firmware.elf.dir/Drivers/STM32L0xx_HAL_Driver/Src/stm32l0xx_hal_i2c.c.obj
 .debug_ranges  0x0000000000000490       0x38 CMakeFiles/D2011_Remote_Firmware.elf.dir/Drivers/STM32L0xx_HAL_Driver/Src/stm32l0xx_hal_i2c_ex.c.obj
 .debug_ranges  0x00000000000004c8       0xa0 CMakeFiles/D2011_Remote_Firmware.elf.dir/Drivers/STM32L0xx_HAL_Driver/Src/stm32l0xx_hal_rcc.c.obj
 .debug_ranges  0x0000000000000568       0x48 CMakeFiles/D2011_Remote_Firmware.elf.dir/Drivers/STM32L0xx_HAL_Driver/Src/stm32l0xx_hal_rcc_ex.c.obj
 .debug_ranges  0x00000000000005b0      0x218 CMakeFiles/D2011_Remote_Firmware.elf.dir/Drivers/STM32L0xx_HAL_Driver/Src/stm32l0xx_hal_uart.c.obj
 .debug_ranges  0x00000000000007c8       0x10 CMakeFiles/D2011_Remote_Firmware.elf.dir/Src/gpio.c.obj
 .debug_ranges  0x00000000000007d8       0x20 CMakeFiles/D2011_Remote_Firmware.elf.dir/Src/i2c.c.obj
 .debug_ranges  0x00000000000007f8       0x30 CMakeFiles/D2011_Remote_Firmware.elf.dir/Src/main.c.obj
 .debug_ranges  0x0000000000000828       0x30 CMakeFiles/D2011_Remote_Firmware.elf.dir/Src/remote_app/comm.c.obj
 .debug_ranges  0x0000000000000858       0xb8 CMakeFiles/D2011_Remote_Firmware.elf.dir/Src/remote_app/layouts.c.obj
 .debug_ranges  0x0000000000000910       0x20 CMakeFiles/D2011_Remote_Firmware.elf.dir/Src/remote_app/remote_app.c.obj
 .debug_ranges  0x0000000000000930       0x10 CMakeFiles/D2011_Remote_Firmware.elf.dir/Src/remote_app/screens/calibration.c.obj
 .debug_ranges  0x0000000000000940       0x18 CMakeFiles/D2011_Remote_Firmware.elf.dir/Src/remote_app/screens/information.c.obj
 .debug_ranges  0x0000000000000958       0x28 CMakeFiles/D2011_Remote_Firmware.elf.dir/Src/remote_app/screens/leveling.c.obj
 .debug_ranges  0x0000000000000980       0x10 CMakeFiles/D2011_Remote_Firmware.elf.dir/Src/remote_app/screens/op_mode.c.obj
 .debug_ranges  0x0000000000000990       0x20 CMakeFiles/D2011_Remote_Firmware.elf.dir/Src/remote_app/screens/sensitivity.c.obj
 .debug_ranges  0x00000000000009b0       0x10 CMakeFiles/D2011_Remote_Firmware.elf.dir/Src/stm32l0xx_hal_msp.c.obj
 .debug_ranges  0x00000000000009c0       0x38 CMakeFiles/D2011_Remote_Firmware.elf.dir/Src/stm32l0xx_it.c.obj
 .debug_ranges  0x00000000000009f8       0xa0 CMakeFiles/D2011_Remote_Firmware.elf.dir/Src/syscalls.c.obj
 .debug_ranges  0x0000000000000a98       0x18 CMakeFiles/D2011_Remote_Firmware.elf.dir/Src/system_stm32l0xx.c.obj
 .debug_ranges  0x0000000000000ab0       0x20 CMakeFiles/D2011_Remote_Firmware.elf.dir/Src/usart.c.obj
 .debug_ranges  0x0000000000000ad0       0x78 CMakeFiles/D2011_Remote_Firmware.elf.dir/lib/olm/olm.c.obj
 .debug_ranges  0x0000000000000b48       0xb0 CMakeFiles/D2011_Remote_Firmware.elf.dir/lib/stm32-ssd1306/ssd1306/ssd1306.c.obj
 .debug_ranges  0x0000000000000bf8       0x20 CMakeFiles/D2011_Remote_Firmware.elf.dir/startup/startup_stm32l031xx.s.obj

.debug_line     0x0000000000000000     0xfd50
 .debug_line    0x0000000000000000      0x737 CMakeFiles/D2011_Remote_Firmware.elf.dir/Drivers/STM32L0xx_HAL_Driver/Src/stm32l0xx_hal.c.obj
 .debug_line    0x0000000000000737      0x68d CMakeFiles/D2011_Remote_Firmware.elf.dir/Drivers/STM32L0xx_HAL_Driver/Src/stm32l0xx_hal_cortex.c.obj
 .debug_line    0x0000000000000dc4      0x75b CMakeFiles/D2011_Remote_Firmware.elf.dir/Drivers/STM32L0xx_HAL_Driver/Src/stm32l0xx_hal_gpio.c.obj
 .debug_line    0x000000000000151f     0x49f4 CMakeFiles/D2011_Remote_Firmware.elf.dir/Drivers/STM32L0xx_HAL_Driver/Src/stm32l0xx_hal_i2c.c.obj
 .debug_line    0x0000000000005f13      0x5c9 CMakeFiles/D2011_Remote_Firmware.elf.dir/Drivers/STM32L0xx_HAL_Driver/Src/stm32l0xx_hal_i2c_ex.c.obj
 .debug_line    0x00000000000064dc      0xe46 CMakeFiles/D2011_Remote_Firmware.elf.dir/Drivers/STM32L0xx_HAL_Driver/Src/stm32l0xx_hal_rcc.c.obj
 .debug_line    0x0000000000007322      0x776 CMakeFiles/D2011_Remote_Firmware.elf.dir/Drivers/STM32L0xx_HAL_Driver/Src/stm32l0xx_hal_rcc_ex.c.obj
 .debug_line    0x0000000000007a98     0x2574 CMakeFiles/D2011_Remote_Firmware.elf.dir/Drivers/STM32L0xx_HAL_Driver/Src/stm32l0xx_hal_uart.c.obj
 .debug_line    0x000000000000a00c      0x2e6 CMakeFiles/D2011_Remote_Firmware.elf.dir/Src/gpio.c.obj
 .debug_line    0x000000000000a2f2      0x46e CMakeFiles/D2011_Remote_Firmware.elf.dir/Src/i2c.c.obj
 .debug_line    0x000000000000a760      0x5f5 CMakeFiles/D2011_Remote_Firmware.elf.dir/Src/main.c.obj
 .debug_line    0x000000000000ad55      0x60e CMakeFiles/D2011_Remote_Firmware.elf.dir/Src/remote_app/comm.c.obj
 .debug_line    0x000000000000b363      0xb1d CMakeFiles/D2011_Remote_Firmware.elf.dir/Src/remote_app/layouts.c.obj
 .debug_line    0x000000000000be80      0x5f0 CMakeFiles/D2011_Remote_Firmware.elf.dir/Src/remote_app/remote_app.c.obj
 .debug_line    0x000000000000c470      0x123 CMakeFiles/D2011_Remote_Firmware.elf.dir/Src/remote_app/screens/calibration.c.obj
 .debug_line    0x000000000000c593      0x349 CMakeFiles/D2011_Remote_Firmware.elf.dir/Src/remote_app/screens/information.c.obj
 .debug_line    0x000000000000c8dc      0x30e CMakeFiles/D2011_Remote_Firmware.elf.dir/Src/remote_app/screens/leveling.c.obj
 .debug_line    0x000000000000cbea      0x318 CMakeFiles/D2011_Remote_Firmware.elf.dir/Src/remote_app/screens/op_mode.c.obj
 .debug_line    0x000000000000cf02      0x246 CMakeFiles/D2011_Remote_Firmware.elf.dir/Src/remote_app/screens/screens.c.obj
 .debug_line    0x000000000000d148      0x321 CMakeFiles/D2011_Remote_Firmware.elf.dir/Src/remote_app/screens/sensitivity.c.obj
 .debug_line    0x000000000000d469      0x287 CMakeFiles/D2011_Remote_Firmware.elf.dir/Src/stm32l0xx_hal_msp.c.obj
 .debug_line    0x000000000000d6f0      0x313 CMakeFiles/D2011_Remote_Firmware.elf.dir/Src/stm32l0xx_it.c.obj
 .debug_line    0x000000000000da03      0x59c CMakeFiles/D2011_Remote_Firmware.elf.dir/Src/syscalls.c.obj
 .debug_line    0x000000000000df9f      0x37b CMakeFiles/D2011_Remote_Firmware.elf.dir/Src/system_stm32l0xx.c.obj
 .debug_line    0x000000000000e31a      0x443 CMakeFiles/D2011_Remote_Firmware.elf.dir/Src/usart.c.obj
 .debug_line    0x000000000000e75d      0x8dd CMakeFiles/D2011_Remote_Firmware.elf.dir/lib/olm/olm.c.obj
 .debug_line    0x000000000000f03a      0xad7 CMakeFiles/D2011_Remote_Firmware.elf.dir/lib/stm32-ssd1306/ssd1306/ssd1306.c.obj
 .debug_line    0x000000000000fb11      0x173 CMakeFiles/D2011_Remote_Firmware.elf.dir/lib/stm32-ssd1306/ssd1306/ssd1306_fonts.c.obj